[INFO] Scanning for projects...
[INFO] 
[INFO] -----------------------< dev.mars:peegeeq-rest >------------------------
[INFO] Building PeeGeeQ REST API 1.0-SNAPSHOT
[INFO]   from pom.xml
[INFO] --------------------------------[ jar ]---------------------------------
[INFO] 
[INFO] --- toolchains:3.1.0:toolchain (default) @ peegeeq-rest ---
[INFO] Required toolchain: jdk [ version='21' ]
[INFO] Found matching toolchain for type jdk: JDK[C:\Users\mraysmit\.jdks\corretto-21.0.0_35]
[INFO] 
[INFO] --- enforcer:3.4.1:enforce (enforce-maven-version) @ peegeeq-rest ---
[INFO] Rule 0: org.apache.maven.enforcer.rules.version.RequireMavenVersion passed
[INFO] 
[INFO] --- jacoco:0.8.12:prepare-agent (default) @ peegeeq-rest ---
[INFO] argLine set to -javaagent:C:\\Users\\mraysmit\\.m2\\repository\\org\\jacoco\\org.jacoco.agent\\0.8.12\\org.jacoco.agent-0.8.12-runtime.jar=destfile=C:\\Users\\mraysmit\\dev\\idea-projects\\peegeeq\\peegeeq-rest\\target\\jacoco.exec
[INFO] 
[INFO] --- resources:3.3.1:resources (default-resources) @ peegeeq-rest ---
[INFO] Copying 4 resources from src\main\resources to target\classes
[INFO] 
[INFO] --- compiler:3.11.0:compile (default-compile) @ peegeeq-rest ---
[INFO] Toolchain in maven-compiler-plugin: JDK[C:\Users\mraysmit\.jdks\corretto-21.0.0_35]
[INFO] Nothing to compile - all classes are up to date
[INFO] 
[INFO] --- resources:3.3.1:testResources (default-testResources) @ peegeeq-rest ---
[INFO] Copying 1 resource from src\test\resources to target\test-classes
[INFO] 
[INFO] --- compiler:3.11.0:testCompile (default-testCompile) @ peegeeq-rest ---
[INFO] Toolchain in maven-compiler-plugin: JDK[C:\Users\mraysmit\.jdks\corretto-21.0.0_35]
[INFO] Changes detected - recompiling the module! :source
[INFO] Compiling 44 source files with javac [forked debug release 21] to target\test-classes
[INFO] 
[INFO] --- surefire:3.2.5:test (default-test) @ peegeeq-rest ---
[INFO] Toolchain in maven-surefire-plugin: JDK[C:\Users\mraysmit\.jdks\corretto-21.0.0_35]
[INFO] Using auto detected provider org.apache.maven.surefire.junitplatform.JUnitPlatformProvider
[INFO] 
[INFO] -------------------------------------------------------
[INFO]  T E S T S
[INFO] -------------------------------------------------------
[INFO] Running dev.mars.peegeeq.rest.handlers.ManagementApiIntegrationTest
2025-12-24 16:55:36.226 [main] INFO  d.m.p.r.h.ManagementApiIntegrationTest - === Setting up Management API Integration Test ===
2025-12-24 16:55:36.230 [main] INFO  d.m.peegeeq.runtime.PeeGeeQRuntime - Creating DatabaseSetupService with config: RuntimeConfig{enableNativeQueues=true, enableOutboxQueues=true, enableBiTemporalEventStore=true}
2025-12-24 16:55:36.280 [main] INFO  d.m.p.d.s.PeeGeeQDatabaseSetupService - Database setup service initialized with EventStore factory provider
2025-12-24 16:55:36.280 [main] INFO  d.m.p.r.RuntimeDatabaseSetupService - RuntimeDatabaseSetupService initialized with delegate: PeeGeeQDatabaseSetupService
2025-12-24 16:55:36.282 [main] INFO  d.m.peegeeq.runtime.PeeGeeQRuntime - DatabaseSetupService created successfully
2025-12-24 16:55:36.702 [vert.x-eventloop-thread-0] INFO  d.m.peegeeq.rest.PeeGeeQRestServer - PeeGeeQ REST API server started on port 18097
2025-12-24 16:55:36.703 [vert.x-eventloop-thread-2] INFO  d.m.p.r.h.ManagementApiIntegrationTest - REST server deployed with ID: 1
2025-12-24 16:55:37.005 [vert.x-eventloop-thread-0] INFO  d.m.p.r.h.DatabaseSetupHandler - Creating database setup: mgmt-test-1766566536228 with 1 queues and 0 event stores
2025-12-24 16:55:37.005 [vert.x-eventloop-thread-0] INFO  d.m.p.d.s.PeeGeeQDatabaseSetupService - Schema validation passed: public
2025-12-24 16:55:37.006 [peegeeq-setup-worker] INFO  d.m.p.d.s.DatabaseTemplateManager - DatabaseTemplateManager.createDatabaseFromTemplate called for database: mgmt_api_db_1766566536703
2025-12-24 16:55:37.174 [vert.x-eventloop-thread-0] INFO  d.m.p.d.s.DatabaseTemplateManager - Database mgmt_api_db_1766566536703 does not exist, proceeding with creation
2025-12-24 16:55:37.174 [vert.x-eventloop-thread-0] INFO  d.m.p.d.s.DatabaseTemplateManager - Creating database with SQL: CREATE DATABASE mgmt_api_db_1766566536703 TEMPLATE template0 ENCODING 'UTF8'
2025-12-24 16:55:37.196 [vert.x-eventloop-thread-0] INFO  d.m.p.d.s.DatabaseTemplateManager - [PGQINF0501] Database mgmt_api_db_1766566536703 created successfully
2025-12-24 16:55:37.229 [vert.x-eventloop-thread-0] INFO  d.m.p.d.s.PeeGeeQDatabaseSetupService - [PGQINF0559] Applying base template (PostgreSQL NOTICE messages about non-existent tables are expected during fresh setup)
2025-12-24 16:55:37.352 [vert.x-eventloop-thread-0] INFO  d.m.p.db.setup.SqlTemplateProcessor - Applied template 'base' (31 SQL files)
2025-12-24 16:55:37.357 [vert.x-eventloop-thread-0] INFO  d.m.p.d.s.PeeGeeQDatabaseSetupService - [PGQINF0558] Base template verified - all required templates exist
2025-12-24 16:55:37.358 [vert.x-eventloop-thread-0] INFO  d.m.p.d.s.PeeGeeQDatabaseSetupService - [PGQINF0552] Creating queue table: mgmt_test_queue
2025-12-24 16:55:37.382 [vert.x-eventloop-thread-0] INFO  d.m.p.db.setup.SqlTemplateProcessor - Applied template 'queue' (8 SQL files)
2025-12-24 16:55:37.382 [vert.x-eventloop-thread-0] INFO  d.m.p.d.s.PeeGeeQDatabaseSetupService - [PGQINF0150] Queue table created: mgmt_test_queue
2025-12-24 16:55:37.382 [vert.x-eventloop-thread-0] INFO  d.m.p.d.s.PeeGeeQDatabaseSetupService - [PGQINF0552] Ensuring core operational tables exist (queue_messages, outbox, dead_letter_queue)
2025-12-24 16:55:37.396 [vert.x-eventloop-thread-0] INFO  d.m.p.d.s.PeeGeeQDatabaseSetupService - [PGQINF0558] All event stores created successfully
2025-12-24 16:55:37.397 [vert.x-eventloop-thread-0] INFO  d.m.p.d.s.PeeGeeQDatabaseSetupService - Creating PeeGeeQConfiguration with setupId as profile: mgmt-test-1766566536228
2025-12-24 16:55:37.401 [vert.x-eventloop-thread-0] INFO  d.m.p.db.config.PeeGeeQConfiguration - Configuration validation passed
2025-12-24 16:55:37.401 [vert.x-eventloop-thread-0] INFO  d.m.p.db.config.PeeGeeQConfiguration - Loaded PeeGeeQ configuration for profile: mgmt-test-1766566536228 with explicit database config
2025-12-24 16:55:37.401 [vert.x-eventloop-thread-0] INFO  d.m.p.d.s.PeeGeeQDatabaseSetupService - Created PeeGeeQConfiguration - profile will be: mgmt-test-1766566536228
2025-12-24 16:55:37.407 [vert.x-eventloop-thread-0] INFO  dev.mars.peegeeq.db.PeeGeeQManager - Initializing PeeGeeQ Manager with profile: mgmt-test-1766566536228
2025-12-24 16:55:37.409 [vert.x-eventloop-thread-0] WARN  io.vertx.core.impl.VertxImpl - You're already on a Vert.x context, are you sure you want to create a new Vertx instance?
2025-12-24 16:55:37.442 [vert.x-eventloop-thread-0] INFO  dev.mars.peegeeq.db.PeeGeeQManager - Created new Vert.x instance (manager ownership)
2025-12-24 16:55:37.451 [vert.x-eventloop-thread-0] INFO  d.m.p.d.c.PgConnectionManager - PgConnectionManager@5cd7398: Initialized with Vert.x 5.x reactive support (notice handling: enabled)
2025-12-24 16:55:37.452 [vert.x-eventloop-thread-0] INFO  dev.mars.peegeeq.db.PeeGeeQManager - DB-DEBUG: Creating client with host=localhost, port=56628, db=mgmt_api_db_1766566536703, user=peegeeq_test
2025-12-24 16:55:37.454 [vert.x-eventloop-thread-0] INFO  d.m.p.d.c.PgConnectionManager - PgConnectionManager@5cd7398: Service 'peegeeq-main' configured with search_path=public, host=localhost, db=mgmt_api_db_1766566536703
2025-12-24 16:55:37.454 [vert.x-eventloop-thread-0] INFO  d.m.p.d.c.PgConnectionManager - PgConnectionManager@5cd7398: Service 'peegeeq-main' created reactive pool (maxSize=32, shared=true)
2025-12-24 16:55:37.460 [vert.x-eventloop-thread-0] INFO  d.m.p.db.client.PgClientFactory - Initialized reactive PG pool for client 'peegeeq-main'
2025-12-24 16:55:37.471 [vert.x-eventloop-thread-0] INFO  d.m.p.db.health.HealthCheckManager - Registered health check: database
2025-12-24 16:55:37.471 [vert.x-eventloop-thread-0] INFO  d.m.p.db.health.HealthCheckManager - Registered health check: outbox-queue
2025-12-24 16:55:37.472 [vert.x-eventloop-thread-0] INFO  d.m.p.db.health.HealthCheckManager - Registered health check: native-queue
2025-12-24 16:55:37.472 [vert.x-eventloop-thread-0] INFO  d.m.p.db.health.HealthCheckManager - Registered health check: dead-letter-queue
2025-12-24 16:55:37.473 [vert.x-eventloop-thread-0] INFO  d.m.p.db.health.HealthCheckManager - Queue health checks enabled (outbox, native-queue, dead-letter-queue)
2025-12-24 16:55:37.473 [vert.x-eventloop-thread-0] INFO  d.m.p.db.health.HealthCheckManager - Registered health check: memory
2025-12-24 16:55:37.473 [vert.x-eventloop-thread-0] INFO  d.m.p.db.health.HealthCheckManager - Registered health check: disk-space
2025-12-24 16:55:37.485 [vert.x-eventloop-thread-0] INFO  d.m.p.d.r.CircuitBreakerManager - Circuit breaker manager initialized with config: dev.mars.peegeeq.db.config.PeeGeeQConfiguration$CircuitBreakerConfig@5f062598
2025-12-24 16:55:37.486 [vert.x-eventloop-thread-0] INFO  d.m.p.d.r.BackpressureManager - Backpressure manager initialized with max concurrent operations: 50, timeout: PT30S
2025-12-24 16:55:37.489 [vert.x-eventloop-thread-0] INFO  d.m.p.d.r.StuckMessageRecoveryManager - StuckMessageRecoveryManager initialized (reactive) - enabled: true, timeout: PT5M
2025-12-24 16:55:37.503 [vert.x-eventloop-thread-0] INFO  d.m.p.db.metrics.PeeGeeQMetrics - PeeGeeQ metrics registered for instance: peegeeq-default
2025-12-24 16:55:37.505 [vert.x-eventloop-thread-0] INFO  d.m.p.d.p.PgConnectionProvider - PgConnectionManager@5cd7398: Initialized PgConnectionProvider@6cbac53b
2025-12-24 16:55:37.506 [vert.x-eventloop-thread-0] INFO  d.m.p.db.provider.PgMetricsProvider - Initialized PgMetricsProvider with instance ID: peegeeq-default
2025-12-24 16:55:37.506 [vert.x-eventloop-thread-0] INFO  d.m.p.db.provider.PgDatabaseService - PgConnectionManager@5cd7398: Initialized PgDatabaseService@1bd3b96e
2025-12-24 16:55:37.507 [vert.x-eventloop-thread-0] INFO  d.m.p.d.p.PgQueueFactoryProvider - PgQueueFactoryProvider initialized - factories should be registered by their respective modules
2025-12-24 16:55:37.507 [vert.x-eventloop-thread-0] INFO  d.m.p.d.p.PgQueueFactoryProvider - PgQueueFactoryProvider initialized - factories will be registered by their respective modules
2025-12-24 16:55:37.507 [vert.x-eventloop-thread-0] INFO  dev.mars.peegeeq.db.PeeGeeQManager - PeeGeeQ Manager initialized successfully
2025-12-24 16:55:37.507 [vert.x-eventloop-thread-0] INFO  dev.mars.peegeeq.db.PeeGeeQManager - Starting PeeGeeQ Manager with reactive lifecycle events...
2025-12-24 16:55:37.511 [vert.x-eventloop-thread-0] INFO  dev.mars.peegeeq.db.PeeGeeQManager - Validating database connectivity...
2025-12-24 16:55:37.527 [vert.x-eventloop-thread-0] INFO  dev.mars.peegeeq.db.PeeGeeQManager - Database connectivity validated successfully
2025-12-24 16:55:37.528 [vert.x-eventloop-thread-0] INFO  dev.mars.peegeeq.db.PeeGeeQManager - Starting all PeeGeeQ components...
2025-12-24 16:55:37.528 [vert.x-eventloop-thread-0] INFO  d.m.p.db.health.HealthCheckManager - Health check manager started reactively with 100ms initial delay, interval: PT30S
2025-12-24 16:55:37.529 [vert.x-eventloop-thread-0] INFO  dev.mars.peegeeq.db.PeeGeeQManager - Started metrics collection every PT1M
2025-12-24 16:55:37.529 [vert.x-eventloop-thread-0] INFO  dev.mars.peegeeq.db.PeeGeeQManager - All PeeGeeQ components started successfully
2025-12-24 16:55:37.529 [vert.x-eventloop-thread-0] INFO  dev.mars.peegeeq.db.PeeGeeQManager - PeeGeeQ Manager started successfully
2025-12-24 16:55:37.529 [vert.x-eventloop-thread-0] INFO  d.m.p.d.s.PeeGeeQDatabaseSetupService - Validating database infrastructure for database=mgmt_api_db_1766566536703, schema=public
2025-12-24 16:55:37.547 [vert.x-eventloop-thread-1] INFO  d.m.p.d.s.PeeGeeQDatabaseSetupService - ========== DATABASE INFRASTRUCTURE VALIDATION ==========
2025-12-24 16:55:37.547 [vert.x-eventloop-thread-1] INFO  d.m.p.d.s.PeeGeeQDatabaseSetupService - Database: mgmt_api_db_1766566536703, Schema: public
2025-12-24 16:55:37.548 [vert.x-eventloop-thread-1] INFO  d.m.p.d.s.PeeGeeQDatabaseSetupService -   - consumer_group_index
2025-12-24 16:55:37.548 [vert.x-eventloop-thread-1] INFO  d.m.p.d.s.PeeGeeQDatabaseSetupService -   - dead_letter_queue
2025-12-24 16:55:37.548 [vert.x-eventloop-thread-1] INFO  d.m.p.d.s.PeeGeeQDatabaseSetupService -   - event_store_template
2025-12-24 16:55:37.548 [vert.x-eventloop-thread-1] INFO  d.m.p.d.s.PeeGeeQDatabaseSetupService -   - mgmt_test_queue
2025-12-24 16:55:37.549 [vert.x-eventloop-thread-1] INFO  d.m.p.d.s.PeeGeeQDatabaseSetupService -   - outbox
2025-12-24 16:55:37.549 [vert.x-eventloop-thread-1] INFO  d.m.p.d.s.PeeGeeQDatabaseSetupService -   - outbox_consumer_groups
2025-12-24 16:55:37.549 [vert.x-eventloop-thread-1] INFO  d.m.p.d.s.PeeGeeQDatabaseSetupService -   - outbox_topic_subscriptions
2025-12-24 16:55:37.549 [vert.x-eventloop-thread-1] INFO  d.m.p.d.s.PeeGeeQDatabaseSetupService -   - outbox_topics
2025-12-24 16:55:37.549 [vert.x-eventloop-thread-1] INFO  d.m.p.d.s.PeeGeeQDatabaseSetupService -   - pg_stat_statements
2025-12-24 16:55:37.549 [vert.x-eventloop-thread-1] INFO  d.m.p.d.s.PeeGeeQDatabaseSetupService -   - pg_stat_statements_info
2025-12-24 16:55:37.549 [vert.x-eventloop-thread-1] INFO  d.m.p.d.s.PeeGeeQDatabaseSetupService -   - processed_ledger
2025-12-24 16:55:37.549 [vert.x-eventloop-thread-1] INFO  d.m.p.d.s.PeeGeeQDatabaseSetupService -   - queue_messages
2025-12-24 16:55:37.549 [vert.x-eventloop-thread-1] INFO  d.m.p.d.s.PeeGeeQDatabaseSetupService -   - queue_template
2025-12-24 16:55:37.549 [vert.x-eventloop-thread-1] INFO  d.m.p.d.s.PeeGeeQDatabaseSetupService - ========== REQUIRED TABLES CHECK ==========
2025-12-24 16:55:37.549 [vert.x-eventloop-thread-1] INFO  d.m.p.d.s.PeeGeeQDatabaseSetupService -   queue_messages: ? EXISTS
2025-12-24 16:55:37.549 [vert.x-eventloop-thread-1] INFO  d.m.p.d.s.PeeGeeQDatabaseSetupService -   outbox: ? EXISTS
2025-12-24 16:55:37.549 [vert.x-eventloop-thread-1] INFO  d.m.p.d.s.PeeGeeQDatabaseSetupService -   dead_letter_queue: ? EXISTS
2025-12-24 16:55:37.549 [vert.x-eventloop-thread-1] INFO  d.m.p.d.s.PeeGeeQDatabaseSetupService - ========== VALIDATION PASSED ==========
2025-12-24 16:55:37.551 [vert.x-eventloop-thread-1] INFO  d.m.p.d.s.PeeGeeQDatabaseSetupService - STEP 4: Create queues and event stores
2025-12-24 16:55:37.551 [vert.x-eventloop-thread-1] INFO  d.m.p.d.s.PeeGeeQDatabaseSetupService - Applying 2 factory registration(s) to manager
2025-12-24 16:55:37.552 [vert.x-eventloop-thread-1] INFO  d.m.p.d.p.PgQueueFactoryProvider - Registered factory creator for type: native
2025-12-24 16:55:37.553 [vert.x-eventloop-thread-1] INFO  d.m.p.p.PgNativeFactoryRegistrar - Registered native queue factory with creator: NativeFactoryCreator
2025-12-24 16:55:37.553 [vert.x-eventloop-thread-1] INFO  d.m.p.d.p.PgQueueFactoryProvider - Registered factory creator for type: outbox
2025-12-24 16:55:37.553 [vert.x-eventloop-thread-1] INFO  d.m.p.outbox.OutboxFactoryRegistrar - Registered outbox queue factory
2025-12-24 16:55:37.553 [vert.x-eventloop-thread-1] INFO  d.m.p.d.s.PeeGeeQDatabaseSetupService - Factory registrations applied. Available types: [outbox, native]
2025-12-24 16:55:37.555 [vert.x-eventloop-thread-1] INFO  d.m.p.d.s.PeeGeeQDatabaseSetupService - createQueueFactories called with queues: 1
2025-12-24 16:55:37.555 [vert.x-eventloop-thread-1] INFO  d.m.p.d.s.PeeGeeQDatabaseSetupService - Using native queue factory implementation for 1 queue(s)
2025-12-24 16:55:37.555 [vert.x-eventloop-thread-1] INFO  d.m.p.d.p.PgQueueFactoryProvider - Creating queue factory of type: native
2025-12-24 16:55:37.555 [vert.x-eventloop-thread-1] INFO  d.m.p.p.PgNativeFactoryRegistrar - NativeFactoryCreator.create called with databaseService: PgDatabaseService, configuration keys: [peeGeeQConfiguration]
2025-12-24 16:55:37.555 [vert.x-eventloop-thread-1] INFO  d.m.p.p.PgNativeFactoryRegistrar - Creating PgNativeQueueFactory with config: present
2025-12-24 16:55:37.558 [vert.x-eventloop-thread-1] INFO  d.m.p.pgqueue.PgNativeQueueFactory - Initialized PgNativeQueueFactory with configuration: enabled
2025-12-24 16:55:37.558 [vert.x-eventloop-thread-1] INFO  d.m.p.p.PgNativeFactoryRegistrar - Successfully created PgNativeQueueFactory instance
2025-12-24 16:55:37.558 [vert.x-eventloop-thread-1] INFO  d.m.p.d.p.PgQueueFactoryProvider - Successfully created queue factory of type: native
2025-12-24 16:55:37.558 [vert.x-eventloop-thread-1] INFO  d.m.p.d.s.PeeGeeQDatabaseSetupService - Created native queue factory for queue: mgmt_test_queue with schema: public
2025-12-24 16:55:37.564 [vert.x-eventloop-thread-1] INFO  d.m.p.r.h.DatabaseSetupHandler - Database setup created successfully: mgmt-test-1766566536228
2025-12-24 16:55:37.572 [vert.x-eventloop-thread-2] INFO  d.m.p.r.h.ManagementApiIntegrationTest - Setup created: mgmt-test-1766566536228
2025-12-24 16:55:37.572 [vert.x-eventloop-thread-2] INFO  d.m.p.r.h.ManagementApiIntegrationTest - Test setup complete
2025-12-24 16:55:37.587 [main] INFO  d.m.p.r.h.ManagementApiIntegrationTest - === CRITICAL GAP TEST 1: Queue Purge ===
2025-12-24 16:55:37.594 [vert.x-eventloop-thread-0] INFO  d.m.p.r.h.ManagementApiHandler - Creating queue 'purge_test_queue_1766566537587' in setup 'mgmt-test-1766566536228' with config: batchSize=10, pollingInterval=PT5S, fifoEnabled=false, deadLetterQueueName=null
2025-12-24 16:55:37.636 [vert.x-eventloop-thread-2] INFO  d.m.p.db.setup.SqlTemplateProcessor - Applied template 'queue' (8 SQL files)
2025-12-24 16:55:37.638 [vert.x-eventloop-thread-2] INFO  d.m.p.r.h.ManagementApiHandler - Queue purge_test_queue_1766566537587 created successfully in setup mgmt-test-1766566536228 with all parameters
2025-12-24 16:55:37.639 [vert.x-eventloop-thread-2] INFO  d.m.p.r.h.ManagementApiIntegrationTest - ? Queue created: purge_test_queue_1766566537587
2025-12-24 16:55:37.681 [vert.x-eventloop-thread-0] INFO  d.m.p.rest.handlers.QueueHandler - Sending message to queue purge_test_queue_1766566537587 in setup: mgmt-test-1766566536228
2025-12-24 16:55:37.683 [vert.x-eventloop-thread-0] ERROR d.m.p.rest.handlers.QueueHandler - Error sending message to queue: purge_test_queue_1766566537587
java.util.concurrent.CompletionException: java.lang.IllegalArgumentException: Queue purge_test_queue_1766566537587 not found in setup mgmt-test-1766566536228
	at java.base/java.util.concurrent.CompletableFuture.encodeThrowable(CompletableFuture.java:315)
	at java.base/java.util.concurrent.CompletableFuture.uniApplyNow(CompletableFuture.java:687)
	at java.base/java.util.concurrent.CompletableFuture.uniApplyStage(CompletableFuture.java:662)
	at java.base/java.util.concurrent.CompletableFuture.thenApply(CompletableFuture.java:2200)
	at dev.mars.peegeeq.rest.handlers.QueueHandler.getQueueFactory(QueueHandler.java:358)
	at dev.mars.peegeeq.rest.handlers.QueueHandler.sendMessage(QueueHandler.java:71)
	at io.vertx.ext.web.impl.RouteState.handleContext(RouteState.java:1344)
	at io.vertx.ext.web.impl.RoutingContextImplBase.iterateNext(RoutingContextImplBase.java:196)
	at io.vertx.ext.web.impl.RoutingContextImpl.next(RoutingContextImpl.java:150)
	at io.vertx.ext.web.handler.impl.CorsHandlerImpl.handle(CorsHandlerImpl.java:204)
	at io.vertx.ext.web.handler.impl.CorsHandlerImpl.handle(CorsHandlerImpl.java:42)
	at io.vertx.ext.web.impl.RouteState.handleContext(RouteState.java:1344)
	at io.vertx.ext.web.impl.RoutingContextImplBase.iterateNext(RoutingContextImplBase.java:196)
	at io.vertx.ext.web.impl.RoutingContextImpl.next(RoutingContextImpl.java:150)
	at io.vertx.ext.web.handler.impl.BodyHandlerImpl$BHandler.doEnd(BodyHandlerImpl.java:365)
	at io.vertx.ext.web.handler.impl.BodyHandlerImpl$BHandler.end(BodyHandlerImpl.java:342)
	at io.vertx.core.internal.ContextInternal.dispatch(ContextInternal.java:249)
	at io.vertx.core.internal.ContextInternal.dispatch(ContextInternal.java:231)
	at io.vertx.core.http.impl.HttpEventHandler.handleEnd(HttpEventHandler.java:76)
	at io.vertx.core.http.impl.Http1xServerRequest.onEnd(Http1xServerRequest.java:593)
	at io.vertx.core.http.impl.Http1xServerRequest$1.handleMessage(Http1xServerRequest.java:111)
	at io.vertx.core.internal.concurrent.InboundMessageQueue.test(InboundMessageQueue.java:86)
	at io.vertx.core.streams.impl.MessagePassingQueue.drain(MessagePassingQueue.java:228)
	at io.vertx.core.streams.impl.MessagePassingQueue.drain(MessagePassingQueue.java:210)
	at io.vertx.core.internal.concurrent.InboundMessageQueue.drainInternal(InboundMessageQueue.java:168)
	at io.vertx.core.internal.concurrent.InboundMessageQueue.drain(InboundMessageQueue.java:145)
	at io.vertx.core.http.impl.Http1xServerRequest.handleEnd(Http1xServerRequest.java:175)
	at io.vertx.core.http.impl.Http1xServerRequest.handleEnd(Http1xServerRequest.java:166)
	at io.vertx.core.http.impl.Http1xServerConnection.onEnd(Http1xServerConnection.java:199)
	at io.vertx.core.http.impl.Http1xServerConnection.onContent(Http1xServerConnection.java:190)
	at io.vertx.core.http.impl.Http1xServerConnection.handleOther(Http1xServerConnection.java:175)
	at io.vertx.core.http.impl.Http1xServerConnection.handleMessage(Http1xServerConnection.java:168)
	at io.vertx.core.net.impl.VertxConnection.read(VertxConnection.java:247)
	at io.vertx.core.net.impl.VertxHandler.channelRead(VertxHandler.java:148)
	at io.netty.channel.AbstractChannelHandlerContext.fireChannelRead(AbstractChannelHandlerContext.java:354)
	at io.netty.channel.ChannelInboundHandlerAdapter.channelRead(ChannelInboundHandlerAdapter.java:93)
	at io.netty.handler.codec.http.websocketx.extensions.WebSocketServerExtensionHandler.channelRead(WebSocketServerExtensionHandler.java:87)
	at io.netty.channel.AbstractChannelHandlerContext.fireChannelRead(AbstractChannelHandlerContext.java:354)
	at io.netty.handler.codec.ByteToMessageDecoder.fireChannelRead(ByteToMessageDecoder.java:346)
	at io.netty.handler.codec.ByteToMessageDecoder.channelRead(ByteToMessageDecoder.java:318)
	at io.netty.channel.AbstractChannelHandlerContext.fireChannelRead(AbstractChannelHandlerContext.java:356)
	at io.vertx.core.http.impl.Http1xOrH2CHandler.end(Http1xOrH2CHandler.java:61)
	at io.vertx.core.http.impl.Http1xOrH2CHandler.channelRead(Http1xOrH2CHandler.java:38)
	at io.netty.channel.AbstractChannelHandlerContext.fireChannelRead(AbstractChannelHandlerContext.java:356)
	at io.netty.channel.DefaultChannelPipeline$HeadContext.channelRead(DefaultChannelPipeline.java:1429)
	at io.netty.channel.DefaultChannelPipeline.fireChannelRead(DefaultChannelPipeline.java:918)
	at io.netty.channel.nio.AbstractNioByteChannel$NioByteUnsafe.read(AbstractNioByteChannel.java:167)
	at io.netty.channel.nio.AbstractNioChannel$AbstractNioUnsafe.handle(AbstractNioChannel.java:445)
	at io.netty.channel.nio.NioIoHandler$DefaultNioRegistration.handle(NioIoHandler.java:381)
	at io.netty.channel.nio.NioIoHandler.processSelectedKey(NioIoHandler.java:587)
	at io.netty.channel.nio.NioIoHandler.processSelectedKeysOptimized(NioIoHandler.java:562)
	at io.netty.channel.nio.NioIoHandler.processSelectedKeys(NioIoHandler.java:503)
	at io.netty.channel.nio.NioIoHandler.run(NioIoHandler.java:475)
	at io.netty.channel.SingleThreadIoEventLoop.runIo(SingleThreadIoEventLoop.java:225)
	at io.netty.channel.SingleThreadIoEventLoop.run(SingleThreadIoEventLoop.java:196)
	at io.netty.util.concurrent.SingleThreadEventExecutor$5.run(SingleThreadEventExecutor.java:1193)
	at io.netty.util.internal.ThreadExecutorMap$2.run(ThreadExecutorMap.java:74)
	at io.netty.util.concurrent.FastThreadLocalRunnable.run(FastThreadLocalRunnable.java:30)
	at java.base/java.lang.Thread.run(Thread.java:1583)
Caused by: java.lang.IllegalArgumentException: Queue purge_test_queue_1766566537587 not found in setup mgmt-test-1766566536228
	at dev.mars.peegeeq.rest.handlers.QueueHandler.lambda$getQueueFactory$14(QueueHandler.java:365)
	at java.base/java.util.concurrent.CompletableFuture.uniApplyNow(CompletableFuture.java:684)
	... 57 common frames omitted
2025-12-24 16:55:37.686 [vert.x-eventloop-thread-0] WARN  i.v.ext.web.handler.LoggerHandler - 127.0.0.1 - - [Wed, 24 Dec 2025 08:55:37 GMT] "POST /api/v1/queues/mgmt-test-1766566536228/purge_test_queue_1766566537587/messages HTTP/1.1" 404 177 "-" "Vert.x-WebClient/5.0.4"
2025-12-24 16:55:37.689 [vert.x-eventloop-thread-0] INFO  d.m.p.rest.handlers.QueueHandler - Sending message to queue purge_test_queue_1766566537587 in setup: mgmt-test-1766566536228
2025-12-24 16:55:37.689 [vert.x-eventloop-thread-0] ERROR d.m.p.rest.handlers.QueueHandler - Error sending message to queue: purge_test_queue_1766566537587
java.util.concurrent.CompletionException: java.lang.IllegalArgumentException: Queue purge_test_queue_1766566537587 not found in setup mgmt-test-1766566536228
	at java.base/java.util.concurrent.CompletableFuture.encodeThrowable(CompletableFuture.java:315)
	at java.base/java.util.concurrent.CompletableFuture.uniApplyNow(CompletableFuture.java:687)
	at java.base/java.util.concurrent.CompletableFuture.uniApplyStage(CompletableFuture.java:662)
	at java.base/java.util.concurrent.CompletableFuture.thenApply(CompletableFuture.java:2200)
	at dev.mars.peegeeq.rest.handlers.QueueHandler.getQueueFactory(QueueHandler.java:358)
	at dev.mars.peegeeq.rest.handlers.QueueHandler.sendMessage(QueueHandler.java:71)
	at io.vertx.ext.web.impl.RouteState.handleContext(RouteState.java:1344)
	at io.vertx.ext.web.impl.RoutingContextImplBase.iterateNext(RoutingContextImplBase.java:196)
	at io.vertx.ext.web.impl.RoutingContextImpl.next(RoutingContextImpl.java:150)
	at io.vertx.ext.web.handler.impl.CorsHandlerImpl.handle(CorsHandlerImpl.java:204)
	at io.vertx.ext.web.handler.impl.CorsHandlerImpl.handle(CorsHandlerImpl.java:42)
	at io.vertx.ext.web.impl.RouteState.handleContext(RouteState.java:1344)
	at io.vertx.ext.web.impl.RoutingContextImplBase.iterateNext(RoutingContextImplBase.java:196)
	at io.vertx.ext.web.impl.RoutingContextImpl.next(RoutingContextImpl.java:150)
	at io.vertx.ext.web.handler.impl.BodyHandlerImpl$BHandler.doEnd(BodyHandlerImpl.java:365)
	at io.vertx.ext.web.handler.impl.BodyHandlerImpl$BHandler.end(BodyHandlerImpl.java:342)
	at io.vertx.core.internal.ContextInternal.dispatch(ContextInternal.java:249)
	at io.vertx.core.internal.ContextInternal.dispatch(ContextInternal.java:231)
	at io.vertx.core.http.impl.HttpEventHandler.handleEnd(HttpEventHandler.java:76)
	at io.vertx.core.http.impl.Http1xServerRequest.onEnd(Http1xServerRequest.java:593)
	at io.vertx.core.http.impl.Http1xServerRequest$1.handleMessage(Http1xServerRequest.java:111)
	at io.vertx.core.internal.concurrent.InboundMessageQueue.test(InboundMessageQueue.java:86)
	at io.vertx.core.streams.impl.MessagePassingQueue.drain(MessagePassingQueue.java:228)
	at io.vertx.core.streams.impl.MessagePassingQueue.drain(MessagePassingQueue.java:210)
	at io.vertx.core.internal.concurrent.InboundMessageQueue.drainInternal(InboundMessageQueue.java:168)
	at io.vertx.core.internal.concurrent.InboundMessageQueue.drain(InboundMessageQueue.java:145)
	at io.vertx.core.http.impl.Http1xServerRequest.handleEnd(Http1xServerRequest.java:175)
	at io.vertx.core.http.impl.Http1xServerRequest.handleEnd(Http1xServerRequest.java:166)
	at io.vertx.core.http.impl.Http1xServerConnection.onEnd(Http1xServerConnection.java:199)
	at io.vertx.core.http.impl.Http1xServerConnection.onContent(Http1xServerConnection.java:190)
	at io.vertx.core.http.impl.Http1xServerConnection.handleOther(Http1xServerConnection.java:175)
	at io.vertx.core.http.impl.Http1xServerConnection.handleMessage(Http1xServerConnection.java:168)
	at io.vertx.core.net.impl.VertxConnection.read(VertxConnection.java:247)
	at io.vertx.core.net.impl.VertxHandler.channelRead(VertxHandler.java:148)
	at io.netty.channel.AbstractChannelHandlerContext.fireChannelRead(AbstractChannelHandlerContext.java:354)
	at io.netty.channel.ChannelInboundHandlerAdapter.channelRead(ChannelInboundHandlerAdapter.java:93)
	at io.netty.handler.codec.http.websocketx.extensions.WebSocketServerExtensionHandler.channelRead(WebSocketServerExtensionHandler.java:87)
	at io.netty.channel.AbstractChannelHandlerContext.fireChannelRead(AbstractChannelHandlerContext.java:354)
	at io.netty.handler.codec.ByteToMessageDecoder.fireChannelRead(ByteToMessageDecoder.java:346)
	at io.netty.handler.codec.ByteToMessageDecoder.channelRead(ByteToMessageDecoder.java:318)
	at io.netty.channel.AbstractChannelHandlerContext.fireChannelRead(AbstractChannelHandlerContext.java:356)
	at io.netty.channel.DefaultChannelPipeline$HeadContext.channelRead(DefaultChannelPipeline.java:1429)
	at io.netty.channel.DefaultChannelPipeline.fireChannelRead(DefaultChannelPipeline.java:918)
	at io.netty.channel.nio.AbstractNioByteChannel$NioByteUnsafe.read(AbstractNioByteChannel.java:167)
	at io.netty.channel.nio.AbstractNioChannel$AbstractNioUnsafe.handle(AbstractNioChannel.java:445)
	at io.netty.channel.nio.NioIoHandler$DefaultNioRegistration.handle(NioIoHandler.java:381)
	at io.netty.channel.nio.NioIoHandler.processSelectedKey(NioIoHandler.java:587)
	at io.netty.channel.nio.NioIoHandler.processSelectedKeysOptimized(NioIoHandler.java:562)
	at io.netty.channel.nio.NioIoHandler.processSelectedKeys(NioIoHandler.java:503)
	at io.netty.channel.nio.NioIoHandler.run(NioIoHandler.java:475)
	at io.netty.channel.SingleThreadIoEventLoop.runIo(SingleThreadIoEventLoop.java:225)
	at io.netty.channel.SingleThreadIoEventLoop.run(SingleThreadIoEventLoop.java:196)
	at io.netty.util.concurrent.SingleThreadEventExecutor$5.run(SingleThreadEventExecutor.java:1193)
	at io.netty.util.internal.ThreadExecutorMap$2.run(ThreadExecutorMap.java:74)
	at io.netty.util.concurrent.FastThreadLocalRunnable.run(FastThreadLocalRunnable.java:30)
	at java.base/java.lang.Thread.run(Thread.java:1583)
Caused by: java.lang.IllegalArgumentException: Queue purge_test_queue_1766566537587 not found in setup mgmt-test-1766566536228
	at dev.mars.peegeeq.rest.handlers.QueueHandler.lambda$getQueueFactory$14(QueueHandler.java:365)
	at java.base/java.util.concurrent.CompletableFuture.uniApplyNow(CompletableFuture.java:684)
	... 54 common frames omitted
2025-12-24 16:55:37.690 [vert.x-eventloop-thread-0] WARN  i.v.ext.web.handler.LoggerHandler - 127.0.0.1 - - [Wed, 24 Dec 2025 08:55:37 GMT] "POST /api/v1/queues/mgmt-test-1766566536228/purge_test_queue_1766566537587/messages HTTP/1.1" 404 177 "-" "Vert.x-WebClient/5.0.4"
2025-12-24 16:55:37.693 [vert.x-eventloop-thread-0] INFO  d.m.p.rest.handlers.QueueHandler - Sending message to queue purge_test_queue_1766566537587 in setup: mgmt-test-1766566536228
2025-12-24 16:55:37.693 [vert.x-eventloop-thread-0] ERROR d.m.p.rest.handlers.QueueHandler - Error sending message to queue: purge_test_queue_1766566537587
java.util.concurrent.CompletionException: java.lang.IllegalArgumentException: Queue purge_test_queue_1766566537587 not found in setup mgmt-test-1766566536228
	at java.base/java.util.concurrent.CompletableFuture.encodeThrowable(CompletableFuture.java:315)
	at java.base/java.util.concurrent.CompletableFuture.uniApplyNow(CompletableFuture.java:687)
	at java.base/java.util.concurrent.CompletableFuture.uniApplyStage(CompletableFuture.java:662)
	at java.base/java.util.concurrent.CompletableFuture.thenApply(CompletableFuture.java:2200)
	at dev.mars.peegeeq.rest.handlers.QueueHandler.getQueueFactory(QueueHandler.java:358)
	at dev.mars.peegeeq.rest.handlers.QueueHandler.sendMessage(QueueHandler.java:71)
	at io.vertx.ext.web.impl.RouteState.handleContext(RouteState.java:1344)
	at io.vertx.ext.web.impl.RoutingContextImplBase.iterateNext(RoutingContextImplBase.java:196)
	at io.vertx.ext.web.impl.RoutingContextImpl.next(RoutingContextImpl.java:150)
	at io.vertx.ext.web.handler.impl.CorsHandlerImpl.handle(CorsHandlerImpl.java:204)
	at io.vertx.ext.web.handler.impl.CorsHandlerImpl.handle(CorsHandlerImpl.java:42)
	at io.vertx.ext.web.impl.RouteState.handleContext(RouteState.java:1344)
	at io.vertx.ext.web.impl.RoutingContextImplBase.iterateNext(RoutingContextImplBase.java:196)
	at io.vertx.ext.web.impl.RoutingContextImpl.next(RoutingContextImpl.java:150)
	at io.vertx.ext.web.handler.impl.BodyHandlerImpl$BHandler.doEnd(BodyHandlerImpl.java:365)
	at io.vertx.ext.web.handler.impl.BodyHandlerImpl$BHandler.end(BodyHandlerImpl.java:342)
	at io.vertx.core.internal.ContextInternal.dispatch(ContextInternal.java:249)
	at io.vertx.core.internal.ContextInternal.dispatch(ContextInternal.java:231)
	at io.vertx.core.http.impl.HttpEventHandler.handleEnd(HttpEventHandler.java:76)
	at io.vertx.core.http.impl.Http1xServerRequest.onEnd(Http1xServerRequest.java:593)
	at io.vertx.core.http.impl.Http1xServerRequest$1.handleMessage(Http1xServerRequest.java:111)
	at io.vertx.core.internal.concurrent.InboundMessageQueue.test(InboundMessageQueue.java:86)
	at io.vertx.core.streams.impl.MessagePassingQueue.drain(MessagePassingQueue.java:228)
	at io.vertx.core.streams.impl.MessagePassingQueue.drain(MessagePassingQueue.java:210)
	at io.vertx.core.internal.concurrent.InboundMessageQueue.drainInternal(InboundMessageQueue.java:168)
	at io.vertx.core.internal.concurrent.InboundMessageQueue.drain(InboundMessageQueue.java:145)
	at io.vertx.core.http.impl.Http1xServerRequest.handleEnd(Http1xServerRequest.java:175)
	at io.vertx.core.http.impl.Http1xServerRequest.handleEnd(Http1xServerRequest.java:166)
	at io.vertx.core.http.impl.Http1xServerConnection.onEnd(Http1xServerConnection.java:199)
	at io.vertx.core.http.impl.Http1xServerConnection.onContent(Http1xServerConnection.java:190)
	at io.vertx.core.http.impl.Http1xServerConnection.handleOther(Http1xServerConnection.java:175)
	at io.vertx.core.http.impl.Http1xServerConnection.handleMessage(Http1xServerConnection.java:168)
	at io.vertx.core.net.impl.VertxConnection.read(VertxConnection.java:247)
	at io.vertx.core.net.impl.VertxHandler.channelRead(VertxHandler.java:148)
	at io.netty.channel.AbstractChannelHandlerContext.fireChannelRead(AbstractChannelHandlerContext.java:354)
	at io.netty.channel.ChannelInboundHandlerAdapter.channelRead(ChannelInboundHandlerAdapter.java:93)
	at io.netty.handler.codec.http.websocketx.extensions.WebSocketServerExtensionHandler.channelRead(WebSocketServerExtensionHandler.java:87)
	at io.netty.channel.AbstractChannelHandlerContext.fireChannelRead(AbstractChannelHandlerContext.java:354)
	at io.netty.handler.codec.ByteToMessageDecoder.fireChannelRead(ByteToMessageDecoder.java:346)
	at io.netty.handler.codec.ByteToMessageDecoder.channelRead(ByteToMessageDecoder.java:318)
	at io.netty.channel.AbstractChannelHandlerContext.fireChannelRead(AbstractChannelHandlerContext.java:356)
	at io.netty.channel.DefaultChannelPipeline$HeadContext.channelRead(DefaultChannelPipeline.java:1429)
	at io.netty.channel.DefaultChannelPipeline.fireChannelRead(DefaultChannelPipeline.java:918)
	at io.netty.channel.nio.AbstractNioByteChannel$NioByteUnsafe.read(AbstractNioByteChannel.java:167)
	at io.netty.channel.nio.AbstractNioChannel$AbstractNioUnsafe.handle(AbstractNioChannel.java:445)
	at io.netty.channel.nio.NioIoHandler$DefaultNioRegistration.handle(NioIoHandler.java:381)
	at io.netty.channel.nio.NioIoHandler.processSelectedKey(NioIoHandler.java:587)
	at io.netty.channel.nio.NioIoHandler.processSelectedKeysOptimized(NioIoHandler.java:562)
	at io.netty.channel.nio.NioIoHandler.processSelectedKeys(NioIoHandler.java:503)
	at io.netty.channel.nio.NioIoHandler.run(NioIoHandler.java:475)
	at io.netty.channel.SingleThreadIoEventLoop.runIo(SingleThreadIoEventLoop.java:225)
	at io.netty.channel.SingleThreadIoEventLoop.run(SingleThreadIoEventLoop.java:196)
	at io.netty.util.concurrent.SingleThreadEventExecutor$5.run(SingleThreadEventExecutor.java:1193)
	at io.netty.util.internal.ThreadExecutorMap$2.run(ThreadExecutorMap.java:74)
	at io.netty.util.concurrent.FastThreadLocalRunnable.run(FastThreadLocalRunnable.java:30)
	at java.base/java.lang.Thread.run(Thread.java:1583)
Caused by: java.lang.IllegalArgumentException: Queue purge_test_queue_1766566537587 not found in setup mgmt-test-1766566536228
	at dev.mars.peegeeq.rest.handlers.QueueHandler.lambda$getQueueFactory$14(QueueHandler.java:365)
	at java.base/java.util.concurrent.CompletableFuture.uniApplyNow(CompletableFuture.java:684)
	... 54 common frames omitted
2025-12-24 16:55:37.694 [vert.x-eventloop-thread-0] WARN  i.v.ext.web.handler.LoggerHandler - 127.0.0.1 - - [Wed, 24 Dec 2025 08:55:37 GMT] "POST /api/v1/queues/mgmt-test-1766566536228/purge_test_queue_1766566537587/messages HTTP/1.1" 404 177 "-" "Vert.x-WebClient/5.0.4"
2025-12-24 16:55:37.695 [vert.x-eventloop-thread-0] INFO  d.m.p.rest.handlers.QueueHandler - Sending message to queue purge_test_queue_1766566537587 in setup: mgmt-test-1766566536228
2025-12-24 16:55:37.696 [vert.x-eventloop-thread-0] ERROR d.m.p.rest.handlers.QueueHandler - Error sending message to queue: purge_test_queue_1766566537587
java.util.concurrent.CompletionException: java.lang.IllegalArgumentException: Queue purge_test_queue_1766566537587 not found in setup mgmt-test-1766566536228
	at java.base/java.util.concurrent.CompletableFuture.encodeThrowable(CompletableFuture.java:315)
	at java.base/java.util.concurrent.CompletableFuture.uniApplyNow(CompletableFuture.java:687)
	at java.base/java.util.concurrent.CompletableFuture.uniApplyStage(CompletableFuture.java:662)
	at java.base/java.util.concurrent.CompletableFuture.thenApply(CompletableFuture.java:2200)
	at dev.mars.peegeeq.rest.handlers.QueueHandler.getQueueFactory(QueueHandler.java:358)
	at dev.mars.peegeeq.rest.handlers.QueueHandler.sendMessage(QueueHandler.java:71)
	at io.vertx.ext.web.impl.RouteState.handleContext(RouteState.java:1344)
	at io.vertx.ext.web.impl.RoutingContextImplBase.iterateNext(RoutingContextImplBase.java:196)
	at io.vertx.ext.web.impl.RoutingContextImpl.next(RoutingContextImpl.java:150)
	at io.vertx.ext.web.handler.impl.CorsHandlerImpl.handle(CorsHandlerImpl.java:204)
	at io.vertx.ext.web.handler.impl.CorsHandlerImpl.handle(CorsHandlerImpl.java:42)
	at io.vertx.ext.web.impl.RouteState.handleContext(RouteState.java:1344)
	at io.vertx.ext.web.impl.RoutingContextImplBase.iterateNext(RoutingContextImplBase.java:196)
	at io.vertx.ext.web.impl.RoutingContextImpl.next(RoutingContextImpl.java:150)
	at io.vertx.ext.web.handler.impl.BodyHandlerImpl$BHandler.doEnd(BodyHandlerImpl.java:365)
	at io.vertx.ext.web.handler.impl.BodyHandlerImpl$BHandler.end(BodyHandlerImpl.java:342)
	at io.vertx.core.internal.ContextInternal.dispatch(ContextInternal.java:249)
	at io.vertx.core.internal.ContextInternal.dispatch(ContextInternal.java:231)
	at io.vertx.core.http.impl.HttpEventHandler.handleEnd(HttpEventHandler.java:76)
	at io.vertx.core.http.impl.Http1xServerRequest.onEnd(Http1xServerRequest.java:593)
	at io.vertx.core.http.impl.Http1xServerRequest$1.handleMessage(Http1xServerRequest.java:111)
	at io.vertx.core.internal.concurrent.InboundMessageQueue.test(InboundMessageQueue.java:86)
	at io.vertx.core.streams.impl.MessagePassingQueue.drain(MessagePassingQueue.java:228)
	at io.vertx.core.streams.impl.MessagePassingQueue.drain(MessagePassingQueue.java:210)
	at io.vertx.core.internal.concurrent.InboundMessageQueue.drainInternal(InboundMessageQueue.java:168)
	at io.vertx.core.internal.concurrent.InboundMessageQueue.drain(InboundMessageQueue.java:145)
	at io.vertx.core.http.impl.Http1xServerRequest.handleEnd(Http1xServerRequest.java:175)
	at io.vertx.core.http.impl.Http1xServerRequest.handleEnd(Http1xServerRequest.java:166)
	at io.vertx.core.http.impl.Http1xServerConnection.onEnd(Http1xServerConnection.java:199)
	at io.vertx.core.http.impl.Http1xServerConnection.onContent(Http1xServerConnection.java:190)
	at io.vertx.core.http.impl.Http1xServerConnection.handleOther(Http1xServerConnection.java:175)
	at io.vertx.core.http.impl.Http1xServerConnection.handleMessage(Http1xServerConnection.java:168)
	at io.vertx.core.net.impl.VertxConnection.read(VertxConnection.java:247)
	at io.vertx.core.net.impl.VertxHandler.channelRead(VertxHandler.java:148)
	at io.netty.channel.AbstractChannelHandlerContext.fireChannelRead(AbstractChannelHandlerContext.java:354)
	at io.netty.channel.ChannelInboundHandlerAdapter.channelRead(ChannelInboundHandlerAdapter.java:93)
	at io.netty.handler.codec.http.websocketx.extensions.WebSocketServerExtensionHandler.channelRead(WebSocketServerExtensionHandler.java:87)
	at io.netty.channel.AbstractChannelHandlerContext.fireChannelRead(AbstractChannelHandlerContext.java:354)
	at io.netty.handler.codec.ByteToMessageDecoder.fireChannelRead(ByteToMessageDecoder.java:346)
	at io.netty.handler.codec.ByteToMessageDecoder.channelRead(ByteToMessageDecoder.java:318)
	at io.netty.channel.AbstractChannelHandlerContext.fireChannelRead(AbstractChannelHandlerContext.java:356)
	at io.netty.channel.DefaultChannelPipeline$HeadContext.channelRead(DefaultChannelPipeline.java:1429)
	at io.netty.channel.DefaultChannelPipeline.fireChannelRead(DefaultChannelPipeline.java:918)
	at io.netty.channel.nio.AbstractNioByteChannel$NioByteUnsafe.read(AbstractNioByteChannel.java:167)
	at io.netty.channel.nio.AbstractNioChannel$AbstractNioUnsafe.handle(AbstractNioChannel.java:445)
	at io.netty.channel.nio.NioIoHandler$DefaultNioRegistration.handle(NioIoHandler.java:381)
	at io.netty.channel.nio.NioIoHandler.processSelectedKey(NioIoHandler.java:587)
	at io.netty.channel.nio.NioIoHandler.processSelectedKeysOptimized(NioIoHandler.java:562)
	at io.netty.channel.nio.NioIoHandler.processSelectedKeys(NioIoHandler.java:503)
	at io.netty.channel.nio.NioIoHandler.run(NioIoHandler.java:475)
	at io.netty.channel.SingleThreadIoEventLoop.runIo(SingleThreadIoEventLoop.java:225)
	at io.netty.channel.SingleThreadIoEventLoop.run(SingleThreadIoEventLoop.java:196)
	at io.netty.util.concurrent.SingleThreadEventExecutor$5.run(SingleThreadEventExecutor.java:1193)
	at io.netty.util.internal.ThreadExecutorMap$2.run(ThreadExecutorMap.java:74)
	at io.netty.util.concurrent.FastThreadLocalRunnable.run(FastThreadLocalRunnable.java:30)
	at java.base/java.lang.Thread.run(Thread.java:1583)
Caused by: java.lang.IllegalArgumentException: Queue purge_test_queue_1766566537587 not found in setup mgmt-test-1766566536228
	at dev.mars.peegeeq.rest.handlers.QueueHandler.lambda$getQueueFactory$14(QueueHandler.java:365)
	at java.base/java.util.concurrent.CompletableFuture.uniApplyNow(CompletableFuture.java:684)
	... 54 common frames omitted
2025-12-24 16:55:37.696 [vert.x-eventloop-thread-0] WARN  i.v.ext.web.handler.LoggerHandler - 127.0.0.1 - - [Wed, 24 Dec 2025 08:55:37 GMT] "POST /api/v1/queues/mgmt-test-1766566536228/purge_test_queue_1766566537587/messages HTTP/1.1" 404 177 "-" "Vert.x-WebClient/5.0.4"
2025-12-24 16:55:37.698 [vert.x-eventloop-thread-0] INFO  d.m.p.rest.handlers.QueueHandler - Sending message to queue purge_test_queue_1766566537587 in setup: mgmt-test-1766566536228
2025-12-24 16:55:37.698 [vert.x-eventloop-thread-0] ERROR d.m.p.rest.handlers.QueueHandler - Error sending message to queue: purge_test_queue_1766566537587
java.util.concurrent.CompletionException: java.lang.IllegalArgumentException: Queue purge_test_queue_1766566537587 not found in setup mgmt-test-1766566536228
	at java.base/java.util.concurrent.CompletableFuture.encodeThrowable(CompletableFuture.java:315)
	at java.base/java.util.concurrent.CompletableFuture.uniApplyNow(CompletableFuture.java:687)
	at java.base/java.util.concurrent.CompletableFuture.uniApplyStage(CompletableFuture.java:662)
	at java.base/java.util.concurrent.CompletableFuture.thenApply(CompletableFuture.java:2200)
	at dev.mars.peegeeq.rest.handlers.QueueHandler.getQueueFactory(QueueHandler.java:358)
	at dev.mars.peegeeq.rest.handlers.QueueHandler.sendMessage(QueueHandler.java:71)
	at io.vertx.ext.web.impl.RouteState.handleContext(RouteState.java:1344)
	at io.vertx.ext.web.impl.RoutingContextImplBase.iterateNext(RoutingContextImplBase.java:196)
	at io.vertx.ext.web.impl.RoutingContextImpl.next(RoutingContextImpl.java:150)
	at io.vertx.ext.web.handler.impl.CorsHandlerImpl.handle(CorsHandlerImpl.java:204)
	at io.vertx.ext.web.handler.impl.CorsHandlerImpl.handle(CorsHandlerImpl.java:42)
	at io.vertx.ext.web.impl.RouteState.handleContext(RouteState.java:1344)
	at io.vertx.ext.web.impl.RoutingContextImplBase.iterateNext(RoutingContextImplBase.java:196)
	at io.vertx.ext.web.impl.RoutingContextImpl.next(RoutingContextImpl.java:150)
	at io.vertx.ext.web.handler.impl.BodyHandlerImpl$BHandler.doEnd(BodyHandlerImpl.java:365)
	at io.vertx.ext.web.handler.impl.BodyHandlerImpl$BHandler.end(BodyHandlerImpl.java:342)
	at io.vertx.core.internal.ContextInternal.dispatch(ContextInternal.java:249)
	at io.vertx.core.internal.ContextInternal.dispatch(ContextInternal.java:231)
	at io.vertx.core.http.impl.HttpEventHandler.handleEnd(HttpEventHandler.java:76)
	at io.vertx.core.http.impl.Http1xServerRequest.onEnd(Http1xServerRequest.java:593)
	at io.vertx.core.http.impl.Http1xServerRequest$1.handleMessage(Http1xServerRequest.java:111)
	at io.vertx.core.internal.concurrent.InboundMessageQueue.test(InboundMessageQueue.java:86)
	at io.vertx.core.streams.impl.MessagePassingQueue.drain(MessagePassingQueue.java:228)
	at io.vertx.core.streams.impl.MessagePassingQueue.drain(MessagePassingQueue.java:210)
	at io.vertx.core.internal.concurrent.InboundMessageQueue.drainInternal(InboundMessageQueue.java:168)
	at io.vertx.core.internal.concurrent.InboundMessageQueue.drain(InboundMessageQueue.java:145)
	at io.vertx.core.http.impl.Http1xServerRequest.handleEnd(Http1xServerRequest.java:175)
	at io.vertx.core.http.impl.Http1xServerRequest.handleEnd(Http1xServerRequest.java:166)
	at io.vertx.core.http.impl.Http1xServerConnection.onEnd(Http1xServerConnection.java:199)
	at io.vertx.core.http.impl.Http1xServerConnection.onContent(Http1xServerConnection.java:190)
	at io.vertx.core.http.impl.Http1xServerConnection.handleOther(Http1xServerConnection.java:175)
	at io.vertx.core.http.impl.Http1xServerConnection.handleMessage(Http1xServerConnection.java:168)
	at io.vertx.core.net.impl.VertxConnection.read(VertxConnection.java:247)
	at io.vertx.core.net.impl.VertxHandler.channelRead(VertxHandler.java:148)
	at io.netty.channel.AbstractChannelHandlerContext.fireChannelRead(AbstractChannelHandlerContext.java:354)
	at io.netty.channel.ChannelInboundHandlerAdapter.channelRead(ChannelInboundHandlerAdapter.java:93)
	at io.netty.handler.codec.http.websocketx.extensions.WebSocketServerExtensionHandler.channelRead(WebSocketServerExtensionHandler.java:87)
	at io.netty.channel.AbstractChannelHandlerContext.fireChannelRead(AbstractChannelHandlerContext.java:354)
	at io.netty.handler.codec.ByteToMessageDecoder.fireChannelRead(ByteToMessageDecoder.java:346)
	at io.netty.handler.codec.ByteToMessageDecoder.channelRead(ByteToMessageDecoder.java:318)
	at io.netty.channel.AbstractChannelHandlerContext.fireChannelRead(AbstractChannelHandlerContext.java:356)
	at io.netty.channel.DefaultChannelPipeline$HeadContext.channelRead(DefaultChannelPipeline.java:1429)
	at io.netty.channel.DefaultChannelPipeline.fireChannelRead(DefaultChannelPipeline.java:918)
	at io.netty.channel.nio.AbstractNioByteChannel$NioByteUnsafe.read(AbstractNioByteChannel.java:167)
	at io.netty.channel.nio.AbstractNioChannel$AbstractNioUnsafe.handle(AbstractNioChannel.java:445)
	at io.netty.channel.nio.NioIoHandler$DefaultNioRegistration.handle(NioIoHandler.java:381)
	at io.netty.channel.nio.NioIoHandler.processSelectedKey(NioIoHandler.java:587)
	at io.netty.channel.nio.NioIoHandler.processSelectedKeysOptimized(NioIoHandler.java:562)
	at io.netty.channel.nio.NioIoHandler.processSelectedKeys(NioIoHandler.java:503)
	at io.netty.channel.nio.NioIoHandler.run(NioIoHandler.java:475)
	at io.netty.channel.SingleThreadIoEventLoop.runIo(SingleThreadIoEventLoop.java:225)
	at io.netty.channel.SingleThreadIoEventLoop.run(SingleThreadIoEventLoop.java:196)
	at io.netty.util.concurrent.SingleThreadEventExecutor$5.run(SingleThreadEventExecutor.java:1193)
	at io.netty.util.internal.ThreadExecutorMap$2.run(ThreadExecutorMap.java:74)
	at io.netty.util.concurrent.FastThreadLocalRunnable.run(FastThreadLocalRunnable.java:30)
	at java.base/java.lang.Thread.run(Thread.java:1583)
Caused by: java.lang.IllegalArgumentException: Queue purge_test_queue_1766566537587 not found in setup mgmt-test-1766566536228
	at dev.mars.peegeeq.rest.handlers.QueueHandler.lambda$getQueueFactory$14(QueueHandler.java:365)
	at java.base/java.util.concurrent.CompletableFuture.uniApplyNow(CompletableFuture.java:684)
	... 54 common frames omitted
2025-12-24 16:55:37.699 [vert.x-eventloop-thread-0] WARN  i.v.ext.web.handler.LoggerHandler - 127.0.0.1 - - [Wed, 24 Dec 2025 08:55:37 GMT] "POST /api/v1/queues/mgmt-test-1766566536228/purge_test_queue_1766566537587/messages HTTP/1.1" 404 177 "-" "Vert.x-WebClient/5.0.4"
2025-12-24 16:55:37.701 [vert.x-eventloop-thread-0] INFO  d.m.p.rest.handlers.QueueHandler - Sending message to queue purge_test_queue_1766566537587 in setup: mgmt-test-1766566536228
2025-12-24 16:55:37.701 [vert.x-eventloop-thread-0] ERROR d.m.p.rest.handlers.QueueHandler - Error sending message to queue: purge_test_queue_1766566537587
java.util.concurrent.CompletionException: java.lang.IllegalArgumentException: Queue purge_test_queue_1766566537587 not found in setup mgmt-test-1766566536228
	at java.base/java.util.concurrent.CompletableFuture.encodeThrowable(CompletableFuture.java:315)
	at java.base/java.util.concurrent.CompletableFuture.uniApplyNow(CompletableFuture.java:687)
	at java.base/java.util.concurrent.CompletableFuture.uniApplyStage(CompletableFuture.java:662)
	at java.base/java.util.concurrent.CompletableFuture.thenApply(CompletableFuture.java:2200)
	at dev.mars.peegeeq.rest.handlers.QueueHandler.getQueueFactory(QueueHandler.java:358)
	at dev.mars.peegeeq.rest.handlers.QueueHandler.sendMessage(QueueHandler.java:71)
	at io.vertx.ext.web.impl.RouteState.handleContext(RouteState.java:1344)
	at io.vertx.ext.web.impl.RoutingContextImplBase.iterateNext(RoutingContextImplBase.java:196)
	at io.vertx.ext.web.impl.RoutingContextImpl.next(RoutingContextImpl.java:150)
	at io.vertx.ext.web.handler.impl.CorsHandlerImpl.handle(CorsHandlerImpl.java:204)
	at io.vertx.ext.web.handler.impl.CorsHandlerImpl.handle(CorsHandlerImpl.java:42)
	at io.vertx.ext.web.impl.RouteState.handleContext(RouteState.java:1344)
	at io.vertx.ext.web.impl.RoutingContextImplBase.iterateNext(RoutingContextImplBase.java:196)
	at io.vertx.ext.web.impl.RoutingContextImpl.next(RoutingContextImpl.java:150)
	at io.vertx.ext.web.handler.impl.BodyHandlerImpl$BHandler.doEnd(BodyHandlerImpl.java:365)
	at io.vertx.ext.web.handler.impl.BodyHandlerImpl$BHandler.end(BodyHandlerImpl.java:342)
	at io.vertx.core.internal.ContextInternal.dispatch(ContextInternal.java:249)
	at io.vertx.core.internal.ContextInternal.dispatch(ContextInternal.java:231)
	at io.vertx.core.http.impl.HttpEventHandler.handleEnd(HttpEventHandler.java:76)
	at io.vertx.core.http.impl.Http1xServerRequest.onEnd(Http1xServerRequest.java:593)
	at io.vertx.core.http.impl.Http1xServerRequest$1.handleMessage(Http1xServerRequest.java:111)
	at io.vertx.core.internal.concurrent.InboundMessageQueue.test(InboundMessageQueue.java:86)
	at io.vertx.core.streams.impl.MessagePassingQueue.drain(MessagePassingQueue.java:228)
	at io.vertx.core.streams.impl.MessagePassingQueue.drain(MessagePassingQueue.java:210)
	at io.vertx.core.internal.concurrent.InboundMessageQueue.drainInternal(InboundMessageQueue.java:168)
	at io.vertx.core.internal.concurrent.InboundMessageQueue.drain(InboundMessageQueue.java:145)
	at io.vertx.core.http.impl.Http1xServerRequest.handleEnd(Http1xServerRequest.java:175)
	at io.vertx.core.http.impl.Http1xServerRequest.handleEnd(Http1xServerRequest.java:166)
	at io.vertx.core.http.impl.Http1xServerConnection.onEnd(Http1xServerConnection.java:199)
	at io.vertx.core.http.impl.Http1xServerConnection.onContent(Http1xServerConnection.java:190)
	at io.vertx.core.http.impl.Http1xServerConnection.handleOther(Http1xServerConnection.java:175)
	at io.vertx.core.http.impl.Http1xServerConnection.handleMessage(Http1xServerConnection.java:168)
	at io.vertx.core.net.impl.VertxConnection.read(VertxConnection.java:247)
	at io.vertx.core.net.impl.VertxHandler.channelRead(VertxHandler.java:148)
	at io.netty.channel.AbstractChannelHandlerContext.fireChannelRead(AbstractChannelHandlerContext.java:354)
	at io.netty.channel.ChannelInboundHandlerAdapter.channelRead(ChannelInboundHandlerAdapter.java:93)
	at io.netty.handler.codec.http.websocketx.extensions.WebSocketServerExtensionHandler.channelRead(WebSocketServerExtensionHandler.java:87)
	at io.netty.channel.AbstractChannelHandlerContext.fireChannelRead(AbstractChannelHandlerContext.java:354)
	at io.netty.handler.codec.ByteToMessageDecoder.fireChannelRead(ByteToMessageDecoder.java:346)
	at io.netty.handler.codec.ByteToMessageDecoder.channelRead(ByteToMessageDecoder.java:318)
	at io.netty.channel.AbstractChannelHandlerContext.fireChannelRead(AbstractChannelHandlerContext.java:356)
	at io.netty.channel.DefaultChannelPipeline$HeadContext.channelRead(DefaultChannelPipeline.java:1429)
	at io.netty.channel.DefaultChannelPipeline.fireChannelRead(DefaultChannelPipeline.java:918)
	at io.netty.channel.nio.AbstractNioByteChannel$NioByteUnsafe.read(AbstractNioByteChannel.java:167)
	at io.netty.channel.nio.AbstractNioChannel$AbstractNioUnsafe.handle(AbstractNioChannel.java:445)
	at io.netty.channel.nio.NioIoHandler$DefaultNioRegistration.handle(NioIoHandler.java:381)
	at io.netty.channel.nio.NioIoHandler.processSelectedKey(NioIoHandler.java:587)
	at io.netty.channel.nio.NioIoHandler.processSelectedKeysOptimized(NioIoHandler.java:562)
	at io.netty.channel.nio.NioIoHandler.processSelectedKeys(NioIoHandler.java:503)
	at io.netty.channel.nio.NioIoHandler.run(NioIoHandler.java:475)
	at io.netty.channel.SingleThreadIoEventLoop.runIo(SingleThreadIoEventLoop.java:225)
	at io.netty.channel.SingleThreadIoEventLoop.run(SingleThreadIoEventLoop.java:196)
	at io.netty.util.concurrent.SingleThreadEventExecutor$5.run(SingleThreadEventExecutor.java:1193)
	at io.netty.util.internal.ThreadExecutorMap$2.run(ThreadExecutorMap.java:74)
	at io.netty.util.concurrent.FastThreadLocalRunnable.run(FastThreadLocalRunnable.java:30)
	at java.base/java.lang.Thread.run(Thread.java:1583)
Caused by: java.lang.IllegalArgumentException: Queue purge_test_queue_1766566537587 not found in setup mgmt-test-1766566536228
	at dev.mars.peegeeq.rest.handlers.QueueHandler.lambda$getQueueFactory$14(QueueHandler.java:365)
	at java.base/java.util.concurrent.CompletableFuture.uniApplyNow(CompletableFuture.java:684)
	... 54 common frames omitted
2025-12-24 16:55:37.701 [vert.x-eventloop-thread-0] WARN  i.v.ext.web.handler.LoggerHandler - 127.0.0.1 - - [Wed, 24 Dec 2025 08:55:37 GMT] "POST /api/v1/queues/mgmt-test-1766566536228/purge_test_queue_1766566537587/messages HTTP/1.1" 404 177 "-" "Vert.x-WebClient/5.0.4"
2025-12-24 16:55:37.703 [vert.x-eventloop-thread-0] INFO  d.m.p.rest.handlers.QueueHandler - Sending message to queue purge_test_queue_1766566537587 in setup: mgmt-test-1766566536228
2025-12-24 16:55:37.703 [vert.x-eventloop-thread-0] ERROR d.m.p.rest.handlers.QueueHandler - Error sending message to queue: purge_test_queue_1766566537587
java.util.concurrent.CompletionException: java.lang.IllegalArgumentException: Queue purge_test_queue_1766566537587 not found in setup mgmt-test-1766566536228
	at java.base/java.util.concurrent.CompletableFuture.encodeThrowable(CompletableFuture.java:315)
	at java.base/java.util.concurrent.CompletableFuture.uniApplyNow(CompletableFuture.java:687)
	at java.base/java.util.concurrent.CompletableFuture.uniApplyStage(CompletableFuture.java:662)
	at java.base/java.util.concurrent.CompletableFuture.thenApply(CompletableFuture.java:2200)
	at dev.mars.peegeeq.rest.handlers.QueueHandler.getQueueFactory(QueueHandler.java:358)
	at dev.mars.peegeeq.rest.handlers.QueueHandler.sendMessage(QueueHandler.java:71)
	at io.vertx.ext.web.impl.RouteState.handleContext(RouteState.java:1344)
	at io.vertx.ext.web.impl.RoutingContextImplBase.iterateNext(RoutingContextImplBase.java:196)
	at io.vertx.ext.web.impl.RoutingContextImpl.next(RoutingContextImpl.java:150)
	at io.vertx.ext.web.handler.impl.CorsHandlerImpl.handle(CorsHandlerImpl.java:204)
	at io.vertx.ext.web.handler.impl.CorsHandlerImpl.handle(CorsHandlerImpl.java:42)
	at io.vertx.ext.web.impl.RouteState.handleContext(RouteState.java:1344)
	at io.vertx.ext.web.impl.RoutingContextImplBase.iterateNext(RoutingContextImplBase.java:196)
	at io.vertx.ext.web.impl.RoutingContextImpl.next(RoutingContextImpl.java:150)
	at io.vertx.ext.web.handler.impl.BodyHandlerImpl$BHandler.doEnd(BodyHandlerImpl.java:365)
	at io.vertx.ext.web.handler.impl.BodyHandlerImpl$BHandler.end(BodyHandlerImpl.java:342)
	at io.vertx.core.internal.ContextInternal.dispatch(ContextInternal.java:249)
	at io.vertx.core.internal.ContextInternal.dispatch(ContextInternal.java:231)
	at io.vertx.core.http.impl.HttpEventHandler.handleEnd(HttpEventHandler.java:76)
	at io.vertx.core.http.impl.Http1xServerRequest.onEnd(Http1xServerRequest.java:593)
	at io.vertx.core.http.impl.Http1xServerRequest$1.handleMessage(Http1xServerRequest.java:111)
	at io.vertx.core.internal.concurrent.InboundMessageQueue.test(InboundMessageQueue.java:86)
	at io.vertx.core.streams.impl.MessagePassingQueue.drain(MessagePassingQueue.java:228)
	at io.vertx.core.streams.impl.MessagePassingQueue.drain(MessagePassingQueue.java:210)
	at io.vertx.core.internal.concurrent.InboundMessageQueue.drainInternal(InboundMessageQueue.java:168)
	at io.vertx.core.internal.concurrent.InboundMessageQueue.drain(InboundMessageQueue.java:145)
	at io.vertx.core.http.impl.Http1xServerRequest.handleEnd(Http1xServerRequest.java:175)
	at io.vertx.core.http.impl.Http1xServerRequest.handleEnd(Http1xServerRequest.java:166)
	at io.vertx.core.http.impl.Http1xServerConnection.onEnd(Http1xServerConnection.java:199)
	at io.vertx.core.http.impl.Http1xServerConnection.onContent(Http1xServerConnection.java:190)
	at io.vertx.core.http.impl.Http1xServerConnection.handleOther(Http1xServerConnection.java:175)
	at io.vertx.core.http.impl.Http1xServerConnection.handleMessage(Http1xServerConnection.java:168)
	at io.vertx.core.net.impl.VertxConnection.read(VertxConnection.java:247)
	at io.vertx.core.net.impl.VertxHandler.channelRead(VertxHandler.java:148)
	at io.netty.channel.AbstractChannelHandlerContext.fireChannelRead(AbstractChannelHandlerContext.java:354)
	at io.netty.channel.ChannelInboundHandlerAdapter.channelRead(ChannelInboundHandlerAdapter.java:93)
	at io.netty.handler.codec.http.websocketx.extensions.WebSocketServerExtensionHandler.channelRead(WebSocketServerExtensionHandler.java:87)
	at io.netty.channel.AbstractChannelHandlerContext.fireChannelRead(AbstractChannelHandlerContext.java:354)
	at io.netty.handler.codec.ByteToMessageDecoder.fireChannelRead(ByteToMessageDecoder.java:346)
	at io.netty.handler.codec.ByteToMessageDecoder.channelRead(ByteToMessageDecoder.java:318)
	at io.netty.channel.AbstractChannelHandlerContext.fireChannelRead(AbstractChannelHandlerContext.java:356)
	at io.netty.channel.DefaultChannelPipeline$HeadContext.channelRead(DefaultChannelPipeline.java:1429)
	at io.netty.channel.DefaultChannelPipeline.fireChannelRead(DefaultChannelPipeline.java:918)
	at io.netty.channel.nio.AbstractNioByteChannel$NioByteUnsafe.read(AbstractNioByteChannel.java:167)
	at io.netty.channel.nio.AbstractNioChannel$AbstractNioUnsafe.handle(AbstractNioChannel.java:445)
	at io.netty.channel.nio.NioIoHandler$DefaultNioRegistration.handle(NioIoHandler.java:381)
	at io.netty.channel.nio.NioIoHandler.processSelectedKey(NioIoHandler.java:587)
	at io.netty.channel.nio.NioIoHandler.processSelectedKeysOptimized(NioIoHandler.java:562)
	at io.netty.channel.nio.NioIoHandler.processSelectedKeys(NioIoHandler.java:503)
	at io.netty.channel.nio.NioIoHandler.run(NioIoHandler.java:475)
	at io.netty.channel.SingleThreadIoEventLoop.runIo(SingleThreadIoEventLoop.java:225)
	at io.netty.channel.SingleThreadIoEventLoop.run(SingleThreadIoEventLoop.java:196)
	at io.netty.util.concurrent.SingleThreadEventExecutor$5.run(SingleThreadEventExecutor.java:1193)
	at io.netty.util.internal.ThreadExecutorMap$2.run(ThreadExecutorMap.java:74)
	at io.netty.util.concurrent.FastThreadLocalRunnable.run(FastThreadLocalRunnable.java:30)
	at java.base/java.lang.Thread.run(Thread.java:1583)
Caused by: java.lang.IllegalArgumentException: Queue purge_test_queue_1766566537587 not found in setup mgmt-test-1766566536228
	at dev.mars.peegeeq.rest.handlers.QueueHandler.lambda$getQueueFactory$14(QueueHandler.java:365)
	at java.base/java.util.concurrent.CompletableFuture.uniApplyNow(CompletableFuture.java:684)
	... 54 common frames omitted
2025-12-24 16:55:37.704 [vert.x-eventloop-thread-0] WARN  i.v.ext.web.handler.LoggerHandler - 127.0.0.1 - - [Wed, 24 Dec 2025 08:55:37 GMT] "POST /api/v1/queues/mgmt-test-1766566536228/purge_test_queue_1766566537587/messages HTTP/1.1" 404 177 "-" "Vert.x-WebClient/5.0.4"
2025-12-24 16:55:37.706 [vert.x-eventloop-thread-0] INFO  d.m.p.rest.handlers.QueueHandler - Sending message to queue purge_test_queue_1766566537587 in setup: mgmt-test-1766566536228
2025-12-24 16:55:37.706 [vert.x-eventloop-thread-0] ERROR d.m.p.rest.handlers.QueueHandler - Error sending message to queue: purge_test_queue_1766566537587
java.util.concurrent.CompletionException: java.lang.IllegalArgumentException: Queue purge_test_queue_1766566537587 not found in setup mgmt-test-1766566536228
	at java.base/java.util.concurrent.CompletableFuture.encodeThrowable(CompletableFuture.java:315)
	at java.base/java.util.concurrent.CompletableFuture.uniApplyNow(CompletableFuture.java:687)
	at java.base/java.util.concurrent.CompletableFuture.uniApplyStage(CompletableFuture.java:662)
	at java.base/java.util.concurrent.CompletableFuture.thenApply(CompletableFuture.java:2200)
	at dev.mars.peegeeq.rest.handlers.QueueHandler.getQueueFactory(QueueHandler.java:358)
	at dev.mars.peegeeq.rest.handlers.QueueHandler.sendMessage(QueueHandler.java:71)
	at io.vertx.ext.web.impl.RouteState.handleContext(RouteState.java:1344)
	at io.vertx.ext.web.impl.RoutingContextImplBase.iterateNext(RoutingContextImplBase.java:196)
	at io.vertx.ext.web.impl.RoutingContextImpl.next(RoutingContextImpl.java:150)
	at io.vertx.ext.web.handler.impl.CorsHandlerImpl.handle(CorsHandlerImpl.java:204)
	at io.vertx.ext.web.handler.impl.CorsHandlerImpl.handle(CorsHandlerImpl.java:42)
	at io.vertx.ext.web.impl.RouteState.handleContext(RouteState.java:1344)
	at io.vertx.ext.web.impl.RoutingContextImplBase.iterateNext(RoutingContextImplBase.java:196)
	at io.vertx.ext.web.impl.RoutingContextImpl.next(RoutingContextImpl.java:150)
	at io.vertx.ext.web.handler.impl.BodyHandlerImpl$BHandler.doEnd(BodyHandlerImpl.java:365)
	at io.vertx.ext.web.handler.impl.BodyHandlerImpl$BHandler.end(BodyHandlerImpl.java:342)
	at io.vertx.core.internal.ContextInternal.dispatch(ContextInternal.java:249)
	at io.vertx.core.internal.ContextInternal.dispatch(ContextInternal.java:231)
	at io.vertx.core.http.impl.HttpEventHandler.handleEnd(HttpEventHandler.java:76)
	at io.vertx.core.http.impl.Http1xServerRequest.onEnd(Http1xServerRequest.java:593)
	at io.vertx.core.http.impl.Http1xServerRequest$1.handleMessage(Http1xServerRequest.java:111)
	at io.vertx.core.internal.concurrent.InboundMessageQueue.test(InboundMessageQueue.java:86)
	at io.vertx.core.streams.impl.MessagePassingQueue.drain(MessagePassingQueue.java:228)
	at io.vertx.core.streams.impl.MessagePassingQueue.drain(MessagePassingQueue.java:210)
	at io.vertx.core.internal.concurrent.InboundMessageQueue.drainInternal(InboundMessageQueue.java:168)
	at io.vertx.core.internal.concurrent.InboundMessageQueue.drain(InboundMessageQueue.java:145)
	at io.vertx.core.http.impl.Http1xServerRequest.handleEnd(Http1xServerRequest.java:175)
	at io.vertx.core.http.impl.Http1xServerRequest.handleEnd(Http1xServerRequest.java:166)
	at io.vertx.core.http.impl.Http1xServerConnection.onEnd(Http1xServerConnection.java:199)
	at io.vertx.core.http.impl.Http1xServerConnection.onContent(Http1xServerConnection.java:190)
	at io.vertx.core.http.impl.Http1xServerConnection.handleOther(Http1xServerConnection.java:175)
	at io.vertx.core.http.impl.Http1xServerConnection.handleMessage(Http1xServerConnection.java:168)
	at io.vertx.core.net.impl.VertxConnection.read(VertxConnection.java:247)
	at io.vertx.core.net.impl.VertxHandler.channelRead(VertxHandler.java:148)
	at io.netty.channel.AbstractChannelHandlerContext.fireChannelRead(AbstractChannelHandlerContext.java:354)
	at io.netty.channel.ChannelInboundHandlerAdapter.channelRead(ChannelInboundHandlerAdapter.java:93)
	at io.netty.handler.codec.http.websocketx.extensions.WebSocketServerExtensionHandler.channelRead(WebSocketServerExtensionHandler.java:87)
	at io.netty.channel.AbstractChannelHandlerContext.fireChannelRead(AbstractChannelHandlerContext.java:354)
	at io.netty.handler.codec.ByteToMessageDecoder.fireChannelRead(ByteToMessageDecoder.java:346)
	at io.netty.handler.codec.ByteToMessageDecoder.channelRead(ByteToMessageDecoder.java:318)
	at io.netty.channel.AbstractChannelHandlerContext.fireChannelRead(AbstractChannelHandlerContext.java:356)
	at io.netty.channel.DefaultChannelPipeline$HeadContext.channelRead(DefaultChannelPipeline.java:1429)
	at io.netty.channel.DefaultChannelPipeline.fireChannelRead(DefaultChannelPipeline.java:918)
	at io.netty.channel.nio.AbstractNioByteChannel$NioByteUnsafe.read(AbstractNioByteChannel.java:167)
	at io.netty.channel.nio.AbstractNioChannel$AbstractNioUnsafe.handle(AbstractNioChannel.java:445)
	at io.netty.channel.nio.NioIoHandler$DefaultNioRegistration.handle(NioIoHandler.java:381)
	at io.netty.channel.nio.NioIoHandler.processSelectedKey(NioIoHandler.java:587)
	at io.netty.channel.nio.NioIoHandler.processSelectedKeysOptimized(NioIoHandler.java:562)
	at io.netty.channel.nio.NioIoHandler.processSelectedKeys(NioIoHandler.java:503)
	at io.netty.channel.nio.NioIoHandler.run(NioIoHandler.java:475)
	at io.netty.channel.SingleThreadIoEventLoop.runIo(SingleThreadIoEventLoop.java:225)
	at io.netty.channel.SingleThreadIoEventLoop.run(SingleThreadIoEventLoop.java:196)
	at io.netty.util.concurrent.SingleThreadEventExecutor$5.run(SingleThreadEventExecutor.java:1193)
	at io.netty.util.internal.ThreadExecutorMap$2.run(ThreadExecutorMap.java:74)
	at io.netty.util.concurrent.FastThreadLocalRunnable.run(FastThreadLocalRunnable.java:30)
	at java.base/java.lang.Thread.run(Thread.java:1583)
Caused by: java.lang.IllegalArgumentException: Queue purge_test_queue_1766566537587 not found in setup mgmt-test-1766566536228
	at dev.mars.peegeeq.rest.handlers.QueueHandler.lambda$getQueueFactory$14(QueueHandler.java:365)
	at java.base/java.util.concurrent.CompletableFuture.uniApplyNow(CompletableFuture.java:684)
	... 54 common frames omitted
2025-12-24 16:55:37.707 [vert.x-eventloop-thread-0] WARN  i.v.ext.web.handler.LoggerHandler - 127.0.0.1 - - [Wed, 24 Dec 2025 08:55:37 GMT] "POST /api/v1/queues/mgmt-test-1766566536228/purge_test_queue_1766566537587/messages HTTP/1.1" 404 177 "-" "Vert.x-WebClient/5.0.4"
2025-12-24 16:55:37.709 [vert.x-eventloop-thread-0] INFO  d.m.p.rest.handlers.QueueHandler - Sending message to queue purge_test_queue_1766566537587 in setup: mgmt-test-1766566536228
2025-12-24 16:55:37.710 [vert.x-eventloop-thread-0] ERROR d.m.p.rest.handlers.QueueHandler - Error sending message to queue: purge_test_queue_1766566537587
java.util.concurrent.CompletionException: java.lang.IllegalArgumentException: Queue purge_test_queue_1766566537587 not found in setup mgmt-test-1766566536228
	at java.base/java.util.concurrent.CompletableFuture.encodeThrowable(CompletableFuture.java:315)
	at java.base/java.util.concurrent.CompletableFuture.uniApplyNow(CompletableFuture.java:687)
	at java.base/java.util.concurrent.CompletableFuture.uniApplyStage(CompletableFuture.java:662)
	at java.base/java.util.concurrent.CompletableFuture.thenApply(CompletableFuture.java:2200)
	at dev.mars.peegeeq.rest.handlers.QueueHandler.getQueueFactory(QueueHandler.java:358)
	at dev.mars.peegeeq.rest.handlers.QueueHandler.sendMessage(QueueHandler.java:71)
	at io.vertx.ext.web.impl.RouteState.handleContext(RouteState.java:1344)
	at io.vertx.ext.web.impl.RoutingContextImplBase.iterateNext(RoutingContextImplBase.java:196)
	at io.vertx.ext.web.impl.RoutingContextImpl.next(RoutingContextImpl.java:150)
	at io.vertx.ext.web.handler.impl.CorsHandlerImpl.handle(CorsHandlerImpl.java:204)
	at io.vertx.ext.web.handler.impl.CorsHandlerImpl.handle(CorsHandlerImpl.java:42)
	at io.vertx.ext.web.impl.RouteState.handleContext(RouteState.java:1344)
	at io.vertx.ext.web.impl.RoutingContextImplBase.iterateNext(RoutingContextImplBase.java:196)
	at io.vertx.ext.web.impl.RoutingContextImpl.next(RoutingContextImpl.java:150)
	at io.vertx.ext.web.handler.impl.BodyHandlerImpl$BHandler.doEnd(BodyHandlerImpl.java:365)
	at io.vertx.ext.web.handler.impl.BodyHandlerImpl$BHandler.end(BodyHandlerImpl.java:342)
	at io.vertx.core.internal.ContextInternal.dispatch(ContextInternal.java:249)
	at io.vertx.core.internal.ContextInternal.dispatch(ContextInternal.java:231)
	at io.vertx.core.http.impl.HttpEventHandler.handleEnd(HttpEventHandler.java:76)
	at io.vertx.core.http.impl.Http1xServerRequest.onEnd(Http1xServerRequest.java:593)
	at io.vertx.core.http.impl.Http1xServerRequest$1.handleMessage(Http1xServerRequest.java:111)
	at io.vertx.core.internal.concurrent.InboundMessageQueue.test(InboundMessageQueue.java:86)
	at io.vertx.core.streams.impl.MessagePassingQueue.drain(MessagePassingQueue.java:228)
	at io.vertx.core.streams.impl.MessagePassingQueue.drain(MessagePassingQueue.java:210)
	at io.vertx.core.internal.concurrent.InboundMessageQueue.drainInternal(InboundMessageQueue.java:168)
	at io.vertx.core.internal.concurrent.InboundMessageQueue.drain(InboundMessageQueue.java:145)
	at io.vertx.core.http.impl.Http1xServerRequest.handleEnd(Http1xServerRequest.java:175)
	at io.vertx.core.http.impl.Http1xServerRequest.handleEnd(Http1xServerRequest.java:166)
	at io.vertx.core.http.impl.Http1xServerConnection.onEnd(Http1xServerConnection.java:199)
	at io.vertx.core.http.impl.Http1xServerConnection.onContent(Http1xServerConnection.java:190)
	at io.vertx.core.http.impl.Http1xServerConnection.handleOther(Http1xServerConnection.java:175)
	at io.vertx.core.http.impl.Http1xServerConnection.handleMessage(Http1xServerConnection.java:168)
	at io.vertx.core.net.impl.VertxConnection.read(VertxConnection.java:247)
	at io.vertx.core.net.impl.VertxHandler.channelRead(VertxHandler.java:148)
	at io.netty.channel.AbstractChannelHandlerContext.fireChannelRead(AbstractChannelHandlerContext.java:354)
	at io.netty.channel.ChannelInboundHandlerAdapter.channelRead(ChannelInboundHandlerAdapter.java:93)
	at io.netty.handler.codec.http.websocketx.extensions.WebSocketServerExtensionHandler.channelRead(WebSocketServerExtensionHandler.java:87)
	at io.netty.channel.AbstractChannelHandlerContext.fireChannelRead(AbstractChannelHandlerContext.java:354)
	at io.netty.handler.codec.ByteToMessageDecoder.fireChannelRead(ByteToMessageDecoder.java:346)
	at io.netty.handler.codec.ByteToMessageDecoder.channelRead(ByteToMessageDecoder.java:318)
	at io.netty.channel.AbstractChannelHandlerContext.fireChannelRead(AbstractChannelHandlerContext.java:356)
	at io.netty.channel.DefaultChannelPipeline$HeadContext.channelRead(DefaultChannelPipeline.java:1429)
	at io.netty.channel.DefaultChannelPipeline.fireChannelRead(DefaultChannelPipeline.java:918)
	at io.netty.channel.nio.AbstractNioByteChannel$NioByteUnsafe.read(AbstractNioByteChannel.java:167)
	at io.netty.channel.nio.AbstractNioChannel$AbstractNioUnsafe.handle(AbstractNioChannel.java:445)
	at io.netty.channel.nio.NioIoHandler$DefaultNioRegistration.handle(NioIoHandler.java:381)
	at io.netty.channel.nio.NioIoHandler.processSelectedKey(NioIoHandler.java:587)
	at io.netty.channel.nio.NioIoHandler.processSelectedKeysOptimized(NioIoHandler.java:562)
	at io.netty.channel.nio.NioIoHandler.processSelectedKeys(NioIoHandler.java:503)
	at io.netty.channel.nio.NioIoHandler.run(NioIoHandler.java:475)
	at io.netty.channel.SingleThreadIoEventLoop.runIo(SingleThreadIoEventLoop.java:225)
	at io.netty.channel.SingleThreadIoEventLoop.run(SingleThreadIoEventLoop.java:196)
	at io.netty.util.concurrent.SingleThreadEventExecutor$5.run(SingleThreadEventExecutor.java:1193)
	at io.netty.util.internal.ThreadExecutorMap$2.run(ThreadExecutorMap.java:74)
	at io.netty.util.concurrent.FastThreadLocalRunnable.run(FastThreadLocalRunnable.java:30)
	at java.base/java.lang.Thread.run(Thread.java:1583)
Caused by: java.lang.IllegalArgumentException: Queue purge_test_queue_1766566537587 not found in setup mgmt-test-1766566536228
	at dev.mars.peegeeq.rest.handlers.QueueHandler.lambda$getQueueFactory$14(QueueHandler.java:365)
	at java.base/java.util.concurrent.CompletableFuture.uniApplyNow(CompletableFuture.java:684)
	... 54 common frames omitted
2025-12-24 16:55:37.711 [vert.x-eventloop-thread-0] WARN  i.v.ext.web.handler.LoggerHandler - 127.0.0.1 - - [Wed, 24 Dec 2025 08:55:37 GMT] "POST /api/v1/queues/mgmt-test-1766566536228/purge_test_queue_1766566537587/messages HTTP/1.1" 404 177 "-" "Vert.x-WebClient/5.0.4"
2025-12-24 16:55:37.712 [vert.x-eventloop-thread-0] INFO  d.m.p.rest.handlers.QueueHandler - Sending message to queue purge_test_queue_1766566537587 in setup: mgmt-test-1766566536228
2025-12-24 16:55:37.712 [vert.x-eventloop-thread-0] ERROR d.m.p.rest.handlers.QueueHandler - Error sending message to queue: purge_test_queue_1766566537587
java.util.concurrent.CompletionException: java.lang.IllegalArgumentException: Queue purge_test_queue_1766566537587 not found in setup mgmt-test-1766566536228
	at java.base/java.util.concurrent.CompletableFuture.encodeThrowable(CompletableFuture.java:315)
	at java.base/java.util.concurrent.CompletableFuture.uniApplyNow(CompletableFuture.java:687)
	at java.base/java.util.concurrent.CompletableFuture.uniApplyStage(CompletableFuture.java:662)
	at java.base/java.util.concurrent.CompletableFuture.thenApply(CompletableFuture.java:2200)
	at dev.mars.peegeeq.rest.handlers.QueueHandler.getQueueFactory(QueueHandler.java:358)
	at dev.mars.peegeeq.rest.handlers.QueueHandler.sendMessage(QueueHandler.java:71)
	at io.vertx.ext.web.impl.RouteState.handleContext(RouteState.java:1344)
	at io.vertx.ext.web.impl.RoutingContextImplBase.iterateNext(RoutingContextImplBase.java:196)
	at io.vertx.ext.web.impl.RoutingContextImpl.next(RoutingContextImpl.java:150)
	at io.vertx.ext.web.handler.impl.CorsHandlerImpl.handle(CorsHandlerImpl.java:204)
	at io.vertx.ext.web.handler.impl.CorsHandlerImpl.handle(CorsHandlerImpl.java:42)
	at io.vertx.ext.web.impl.RouteState.handleContext(RouteState.java:1344)
	at io.vertx.ext.web.impl.RoutingContextImplBase.iterateNext(RoutingContextImplBase.java:196)
	at io.vertx.ext.web.impl.RoutingContextImpl.next(RoutingContextImpl.java:150)
	at io.vertx.ext.web.handler.impl.BodyHandlerImpl$BHandler.doEnd(BodyHandlerImpl.java:365)
	at io.vertx.ext.web.handler.impl.BodyHandlerImpl$BHandler.end(BodyHandlerImpl.java:342)
	at io.vertx.core.internal.ContextInternal.dispatch(ContextInternal.java:249)
	at io.vertx.core.internal.ContextInternal.dispatch(ContextInternal.java:231)
	at io.vertx.core.http.impl.HttpEventHandler.handleEnd(HttpEventHandler.java:76)
	at io.vertx.core.http.impl.Http1xServerRequest.onEnd(Http1xServerRequest.java:593)
	at io.vertx.core.http.impl.Http1xServerRequest$1.handleMessage(Http1xServerRequest.java:111)
	at io.vertx.core.internal.concurrent.InboundMessageQueue.test(InboundMessageQueue.java:86)
	at io.vertx.core.streams.impl.MessagePassingQueue.drain(MessagePassingQueue.java:228)
	at io.vertx.core.streams.impl.MessagePassingQueue.drain(MessagePassingQueue.java:210)
	at io.vertx.core.internal.concurrent.InboundMessageQueue.drainInternal(InboundMessageQueue.java:168)
	at io.vertx.core.internal.concurrent.InboundMessageQueue.drain(InboundMessageQueue.java:145)
	at io.vertx.core.http.impl.Http1xServerRequest.handleEnd(Http1xServerRequest.java:175)
	at io.vertx.core.http.impl.Http1xServerRequest.handleEnd(Http1xServerRequest.java:166)
	at io.vertx.core.http.impl.Http1xServerConnection.onEnd(Http1xServerConnection.java:199)
	at io.vertx.core.http.impl.Http1xServerConnection.onContent(Http1xServerConnection.java:190)
	at io.vertx.core.http.impl.Http1xServerConnection.handleOther(Http1xServerConnection.java:175)
	at io.vertx.core.http.impl.Http1xServerConnection.handleMessage(Http1xServerConnection.java:168)
	at io.vertx.core.net.impl.VertxConnection.read(VertxConnection.java:247)
	at io.vertx.core.net.impl.VertxHandler.channelRead(VertxHandler.java:148)
	at io.netty.channel.AbstractChannelHandlerContext.fireChannelRead(AbstractChannelHandlerContext.java:354)
	at io.netty.channel.ChannelInboundHandlerAdapter.channelRead(ChannelInboundHandlerAdapter.java:93)
	at io.netty.handler.codec.http.websocketx.extensions.WebSocketServerExtensionHandler.channelRead(WebSocketServerExtensionHandler.java:87)
	at io.netty.channel.AbstractChannelHandlerContext.fireChannelRead(AbstractChannelHandlerContext.java:354)
	at io.netty.handler.codec.ByteToMessageDecoder.fireChannelRead(ByteToMessageDecoder.java:346)
	at io.netty.handler.codec.ByteToMessageDecoder.channelRead(ByteToMessageDecoder.java:318)
	at io.netty.channel.AbstractChannelHandlerContext.fireChannelRead(AbstractChannelHandlerContext.java:356)
	at io.netty.channel.DefaultChannelPipeline$HeadContext.channelRead(DefaultChannelPipeline.java:1429)
	at io.netty.channel.DefaultChannelPipeline.fireChannelRead(DefaultChannelPipeline.java:918)
	at io.netty.channel.nio.AbstractNioByteChannel$NioByteUnsafe.read(AbstractNioByteChannel.java:167)
	at io.netty.channel.nio.AbstractNioChannel$AbstractNioUnsafe.handle(AbstractNioChannel.java:445)
	at io.netty.channel.nio.NioIoHandler$DefaultNioRegistration.handle(NioIoHandler.java:381)
	at io.netty.channel.nio.NioIoHandler.processSelectedKey(NioIoHandler.java:587)
	at io.netty.channel.nio.NioIoHandler.processSelectedKeysOptimized(NioIoHandler.java:562)
	at io.netty.channel.nio.NioIoHandler.processSelectedKeys(NioIoHandler.java:503)
	at io.netty.channel.nio.NioIoHandler.run(NioIoHandler.java:475)
	at io.netty.channel.SingleThreadIoEventLoop.runIo(SingleThreadIoEventLoop.java:225)
	at io.netty.channel.SingleThreadIoEventLoop.run(SingleThreadIoEventLoop.java:196)
	at io.netty.util.concurrent.SingleThreadEventExecutor$5.run(SingleThreadEventExecutor.java:1193)
	at io.netty.util.internal.ThreadExecutorMap$2.run(ThreadExecutorMap.java:74)
	at io.netty.util.concurrent.FastThreadLocalRunnable.run(FastThreadLocalRunnable.java:30)
	at java.base/java.lang.Thread.run(Thread.java:1583)
Caused by: java.lang.IllegalArgumentException: Queue purge_test_queue_1766566537587 not found in setup mgmt-test-1766566536228
	at dev.mars.peegeeq.rest.handlers.QueueHandler.lambda$getQueueFactory$14(QueueHandler.java:365)
	at java.base/java.util.concurrent.CompletableFuture.uniApplyNow(CompletableFuture.java:684)
	... 54 common frames omitted
2025-12-24 16:55:37.713 [vert.x-eventloop-thread-0] WARN  i.v.ext.web.handler.LoggerHandler - 127.0.0.1 - - [Wed, 24 Dec 2025 08:55:37 GMT] "POST /api/v1/queues/mgmt-test-1766566536228/purge_test_queue_1766566537587/messages HTTP/1.1" 404 177 "-" "Vert.x-WebClient/5.0.4"
2025-12-24 16:55:37.713 [vert.x-eventloop-thread-2] INFO  d.m.p.r.h.ManagementApiIntegrationTest - ? Sent 10 messages to queue
2025-12-24 16:55:37.716 [vert.x-eventloop-thread-2] INFO  d.m.p.r.h.ManagementApiIntegrationTest - Browse response before purge: status=200
2025-12-24 16:55:37.716 [vert.x-eventloop-thread-2] INFO  d.m.p.r.h.ManagementApiIntegrationTest - Messages in queue before purge: 0
2025-12-24 16:55:37.717 [vert.x-eventloop-thread-0] INFO  d.m.p.r.h.ManagementApiHandler - Purge queue requested for setup: mgmt-test-1766566536228, queue: purge_test_queue_1766566537587
2025-12-24 16:55:37.720 [vert.x-eventloop-thread-0] WARN  i.v.ext.web.handler.LoggerHandler - 127.0.0.1 - - [Wed, 24 Dec 2025 08:55:37 GMT] "POST /api/v1/queues/mgmt-test-1766566536228/purge_test_queue_1766566537587/purge HTTP/1.1" 404 85 "-" "Vert.x-WebClient/5.0.4"
2025-12-24 16:55:37.731 [vert.x-eventloop-thread-2] INFO  d.m.p.r.h.ManagementApiIntegrationTest - Messages in queue after purge: 0
2025-12-24 16:55:37.731 [vert.x-eventloop-thread-2] INFO  d.m.p.r.h.ManagementApiIntegrationTest - ? CRITICAL GAP 1 PASSED: Queue Purge works correctly!
2025-12-24 16:55:37.744 [main] INFO  d.m.p.r.h.ManagementApiIntegrationTest - === Tearing down Management API Integration Test ===
2025-12-24 16:55:37.745 [vert.x-eventloop-thread-0] INFO  d.m.peegeeq.rest.PeeGeeQRestServer - Stopping PeeGeeQ REST API server - closing handlers first
2025-12-24 16:55:37.745 [vert.x-eventloop-thread-0] INFO  d.m.p.r.h.WebhookSubscriptionHandler - Closing WebhookSubscriptionHandler...
2025-12-24 16:55:37.746 [vert.x-eventloop-thread-0] INFO  d.m.p.r.h.WebhookSubscriptionHandler - WebhookSubscriptionHandler closed
2025-12-24 16:55:37.746 [vert.x-eventloop-thread-0] INFO  d.m.p.r.h.ServerSentEventsHandler - Closing ServerSentEventsHandler with 0 active connections
2025-12-24 16:55:37.746 [vert.x-eventloop-thread-0] INFO  d.m.p.r.h.ServerSentEventsHandler - ServerSentEventsHandler closed
2025-12-24 16:55:37.749 [vert.x-eventloop-thread-0] INFO  d.m.peegeeq.rest.PeeGeeQRestServer - PeeGeeQ REST API server stopped
[ERROR] Tests run: 1, Failures: 1, Errors: 0, Skipped: 0, Time elapsed: 6.424 s <<< FAILURE! -- in dev.mars.peegeeq.rest.handlers.ManagementApiIntegrationTest
[ERROR] dev.mars.peegeeq.rest.handlers.ManagementApiIntegrationTest.testQueuePurge_E2E(Vertx, VertxTestContext) -- Time elapsed: 0.165 s <<< FAILURE!
java.lang.AssertionError: org.opentest4j.AssertionFailedError: Purge should return 200 OK ==> expected: <200> but was: <404>
	at io.vertx.junit5.VertxExtension.joinActiveTestContexts(VertxExtension.java:205)
	at io.vertx.junit5.VertxExtension.interceptTestMethod(VertxExtension.java:143)
	at java.base/java.util.ArrayList.forEach(ArrayList.java:1596)
	at java.base/java.util.ArrayList.forEach(ArrayList.java:1596)
Caused by: org.opentest4j.AssertionFailedError: Purge should return 200 OK ==> expected: <200> but was: <404>
	at org.junit.jupiter.api.AssertionFailureBuilder.build(AssertionFailureBuilder.java:151)
	at org.junit.jupiter.api.AssertionFailureBuilder.buildAndThrow(AssertionFailureBuilder.java:132)
	at org.junit.jupiter.api.AssertEquals.failNotEqual(AssertEquals.java:197)
	at org.junit.jupiter.api.AssertEquals.assertEquals(AssertEquals.java:150)
	at org.junit.jupiter.api.Assertions.assertEquals(Assertions.java:563)
	at dev.mars.peegeeq.rest.handlers.ManagementApiIntegrationTest.lambda$testQueuePurge_E2E$36(ManagementApiIntegrationTest.java:638)
	at io.vertx.junit5.VertxTestContext.verify(VertxTestContext.java:354)
	at dev.mars.peegeeq.rest.handlers.ManagementApiIntegrationTest.lambda$testQueuePurge_E2E$37(ManagementApiIntegrationTest.java:637)
	at io.vertx.core.impl.future.Composition.complete(Composition.java:40)
	at io.vertx.core.impl.future.FutureBase.emitResult(FutureBase.java:68)
	at io.vertx.core.impl.future.FutureImpl.completeInternal(FutureImpl.java:163)
	at io.vertx.core.impl.future.FutureBase.emitResult(FutureBase.java:68)
	at io.vertx.core.impl.future.FutureImpl.completeInternal(FutureImpl.java:163)
	at io.vertx.core.impl.future.FutureImpl.tryComplete(FutureImpl.java:169)
	at io.vertx.ext.web.client.impl.HttpContext.handleDispatchResponse(HttpContext.java:409)
	at io.vertx.ext.web.client.impl.HttpContext.execute(HttpContext.java:385)
	at io.vertx.ext.web.client.impl.HttpContext.next(HttpContext.java:363)
	at io.vertx.ext.web.client.impl.HttpContext.fire(HttpContext.java:330)
	at io.vertx.ext.web.client.impl.HttpContext.dispatchResponse(HttpContext.java:292)
	at io.vertx.ext.web.client.impl.HttpContext.lambda$handleReceiveResponse$5(HttpContext.java:518)
	at io.vertx.core.impl.future.FutureImpl.lambda$onComplete$1(FutureImpl.java:103)
	at io.vertx.core.impl.future.FutureBase.emitResult(FutureBase.java:68)
	at io.vertx.core.impl.future.FutureImpl.completeInternal(FutureImpl.java:163)
	at io.vertx.core.impl.future.Mapping.complete(Mapping.java:45)
	at io.vertx.core.impl.future.FutureBase.emitResult(FutureBase.java:68)
	at io.vertx.core.impl.future.FutureImpl.completeInternal(FutureImpl.java:163)
	at io.vertx.core.impl.future.FutureBase.emitResult(FutureBase.java:68)
	at io.vertx.core.impl.future.FutureImpl.addListener(FutureImpl.java:135)
	at io.vertx.core.impl.future.Composition.complete(Composition.java:48)
	at io.vertx.core.impl.future.FutureBase.emitResult(FutureBase.java:68)
	at io.vertx.core.impl.future.FutureImpl.completeInternal(FutureImpl.java:163)
	at io.vertx.core.impl.future.FutureImpl.tryComplete(FutureImpl.java:169)
	at io.vertx.core.Promise.succeed(Promise.java:93)
	at io.vertx.core.Promise.complete(Promise.java:61)
	at io.vertx.core.Future.lambda$onComplete$1(Future.java:304)
	at io.vertx.core.impl.future.SucceededFuture.onComplete(SucceededFuture.java:82)
	at io.vertx.core.Future.onComplete(Future.java:303)
	at io.vertx.core.streams.impl.PipeImpl.handleSuccess(PipeImpl.java:114)
	at io.vertx.core.streams.impl.PipeImpl.lambda$to$2(PipeImpl.java:99)
	at io.vertx.core.impl.future.FutureImpl.lambda$onComplete$1(FutureImpl.java:103)
	at io.vertx.core.impl.future.FutureBase.emitResult(FutureBase.java:68)
	at io.vertx.core.impl.future.FutureImpl.completeInternal(FutureImpl.java:163)
	at io.vertx.core.impl.future.FutureImpl.tryComplete(FutureImpl.java:169)
	at io.vertx.core.internal.ContextInternal.dispatch(ContextInternal.java:249)
	at io.vertx.core.internal.ContextInternal.dispatch(ContextInternal.java:231)
	at io.vertx.core.http.impl.HttpEventHandler.handleEnd(HttpEventHandler.java:76)
	at io.vertx.core.http.impl.HttpClientResponseImpl.handleEnd(HttpClientResponseImpl.java:244)
	at io.vertx.core.internal.ContextInternal.dispatch(ContextInternal.java:249)
	at io.vertx.core.http.impl.Http1xClientConnection$StreamImpl$1.handleMessage(Http1xClientConnection.java:455)
	at io.vertx.core.internal.concurrent.InboundMessageQueue.test(InboundMessageQueue.java:86)
	at io.vertx.core.streams.impl.MessagePassingQueue.drain(MessagePassingQueue.java:228)
	at io.vertx.core.streams.impl.MessagePassingQueue.drain(MessagePassingQueue.java:210)
	at io.vertx.core.internal.concurrent.InboundMessageQueue.drainInternal(InboundMessageQueue.java:168)
	at io.vertx.core.internal.concurrent.InboundMessageQueue.drain(InboundMessageQueue.java:145)
	at io.vertx.core.internal.concurrent.InboundMessageQueue.write(InboundMessageQueue.java:132)
	at io.vertx.core.http.impl.Http1xClientConnection$StreamImpl.handleEnd(Http1xClientConnection.java:680)
	at io.vertx.core.http.impl.Http1xClientConnection.handleResponseEnd(Http1xClientConnection.java:928)
	at io.vertx.core.http.impl.Http1xClientConnection.handleHttpMessage(Http1xClientConnection.java:799)
	at io.vertx.core.http.impl.Http1xClientConnection.handleMessage(Http1xClientConnection.java:756)
	at io.vertx.core.net.impl.VertxConnection.read(VertxConnection.java:247)
	at io.vertx.core.net.impl.VertxHandler.channelRead(VertxHandler.java:148)
	at io.netty.channel.AbstractChannelHandlerContext.fireChannelRead(AbstractChannelHandlerContext.java:354)
	at io.netty.channel.CombinedChannelDuplexHandler$DelegatingChannelHandlerContext.fireChannelRead(CombinedChannelDuplexHandler.java:434)
	at io.netty.handler.codec.ByteToMessageDecoder.fireChannelRead(ByteToMessageDecoder.java:346)
	at io.netty.handler.codec.ByteToMessageDecoder.channelRead(ByteToMessageDecoder.java:318)
	at io.netty.channel.CombinedChannelDuplexHandler.channelRead(CombinedChannelDuplexHandler.java:249)
	at io.netty.channel.AbstractChannelHandlerContext.fireChannelRead(AbstractChannelHandlerContext.java:354)
	at io.netty.channel.DefaultChannelPipeline$HeadContext.channelRead(DefaultChannelPipeline.java:1429)
	at io.netty.channel.DefaultChannelPipeline.fireChannelRead(DefaultChannelPipeline.java:918)
	at io.netty.channel.nio.AbstractNioByteChannel$NioByteUnsafe.read(AbstractNioByteChannel.java:167)
	at io.netty.channel.nio.AbstractNioChannel$AbstractNioUnsafe.handle(AbstractNioChannel.java:445)
	at io.netty.channel.nio.NioIoHandler$DefaultNioRegistration.handle(NioIoHandler.java:381)
	at io.netty.channel.nio.NioIoHandler.processSelectedKey(NioIoHandler.java:587)
	at io.netty.channel.nio.NioIoHandler.processSelectedKeysOptimized(NioIoHandler.java:562)
	at io.netty.channel.nio.NioIoHandler.processSelectedKeys(NioIoHandler.java:503)
	at io.netty.channel.nio.NioIoHandler.run(NioIoHandler.java:475)
	at io.netty.channel.SingleThreadIoEventLoop.runIo(SingleThreadIoEventLoop.java:225)
	at io.netty.channel.SingleThreadIoEventLoop.run(SingleThreadIoEventLoop.java:196)
	at io.netty.util.concurrent.SingleThreadEventExecutor$5.run(SingleThreadEventExecutor.java:1193)
	at io.netty.util.internal.ThreadExecutorMap$2.run(ThreadExecutorMap.java:74)
	at io.netty.util.concurrent.FastThreadLocalRunnable.run(FastThreadLocalRunnable.java:30)
	at java.base/java.lang.Thread.run(Thread.java:1583)

[INFO] 
[INFO] Results:
[INFO] 
[ERROR] Failures: 
[ERROR]   ManagementApiIntegrationTest.testQueuePurge_E2E(Vertx, VertxTestContext) org.opentest4j.AssertionFailedError: Purge should return 200 OK ==> expected: <200> but was: <404>
[INFO] 
[ERROR] Tests run: 1, Failures: 1, Errors: 0, Skipped: 0
[INFO] 
[INFO] ------------------------------------------------------------------------
[INFO] BUILD FAILURE
[INFO] ------------------------------------------------------------------------
[INFO] Total time:  16.401 s
[INFO] Finished at: 2025-12-24T16:55:38+08:00
[INFO] ------------------------------------------------------------------------
[ERROR] Failed to execute goal org.apache.maven.plugins:maven-surefire-plugin:3.2.5:test (default-test) on project peegeeq-rest: There are test failures.
[ERROR] 
[ERROR] Please refer to C:\Users\mraysmit\dev\idea-projects\peegeeq\peegeeq-rest\target\surefire-reports for the individual test results.
[ERROR] Please refer to dump files (if any exist) [date].dump, [date]-jvmRun[N].dump and [date].dumpstream.
[ERROR] -> [Help 1]
[ERROR] 
[ERROR] To see the full stack trace of the errors, re-run Maven with the -e switch.
[ERROR] Re-run Maven using the -X switch to enable full debug logging.
[ERROR] 
[ERROR] For more information about the errors and possible solutions, please read the following articles:
[ERROR] [Help 1] http://cwiki.apache.org/confluence/display/MAVEN/MojoFailureException
